10:05:38 **** Build of project test_bsp ****
make -k all 
"Running Make include in microblaze_0/libsrc/bram_v4_1/src"
make -C microblaze_0/libsrc/bram_v4_1/src -s include  "SHELL=CMD" "COMPILER=mb-gcc" "ARCHIVER=mb-ar" "COMPILER_FLAGS= -O2 -c -mcpu=v9.6 -mhard-float -mlittle-endian -mno-xl-reorder -mno-xl-soft-div -mno-xl-soft-mul -mxl-barrel-shift" "EXTRA_COMPILER_FLAGS=-g"
"Running Make include in microblaze_0/libsrc/cpu_v2_5/src"
make -C microblaze_0/libsrc/cpu_v2_5/src -s include  "SHELL=CMD" "COMPILER=mb-gcc" "ARCHIVER=mb-ar" "COMPILER_FLAGS= -O2 -c -mcpu=v9.6 -mhard-float -mlittle-endian -mno-xl-reorder -mno-xl-soft-div -mno-xl-soft-mul -mxl-barrel-shift" "EXTRA_COMPILER_FLAGS=-g"
"Running Make include in microblaze_0/libsrc/intc_v3_5/src"
make -C microblaze_0/libsrc/intc_v3_5/src -s include  "SHELL=CMD" "COMPILER=mb-gcc" "ARCHIVER=mb-ar" "COMPILER_FLAGS= -O2 -c -mcpu=v9.6 -mhard-float -mlittle-endian -mno-xl-reorder -mno-xl-soft-div -mno-xl-soft-mul -mxl-barrel-shift" "EXTRA_COMPILER_FLAGS=-g"
"Running Make include in microblaze_0/libsrc/PmodWIFI_v1_0/src"
make -C microblaze_0/libsrc/PmodWIFI_v1_0/src -s include  "SHELL=CMD" "COMPILER=mb-gcc" "ARCHIVER=mb-ar" "COMPILER_FLAGS= -O2 -c -mcpu=v9.6 -mhard-float -mlittle-endian -mno-xl-reorder -mno-xl-soft-div -mno-xl-soft-mul -mxl-barrel-shift" "EXTRA_COMPILER_FLAGS=-g"
"Running Make include in microblaze_0/libsrc/standalone_v5_5/src"
make -C microblaze_0/libsrc/standalone_v5_5/src -s include  "SHELL=CMD" "COMPILER=mb-gcc" "ARCHIVER=mb-ar" "COMPILER_FLAGS= -O2 -c -mcpu=v9.6 -mhard-float -mlittle-endian -mno-xl-reorder -mno-xl-soft-div -mno-xl-soft-mul -mxl-barrel-shift" "EXTRA_COMPILER_FLAGS=-g"
"Running Make include in microblaze_0/libsrc/uartlite_v3_2/src"
make -C microblaze_0/libsrc/uartlite_v3_2/src -s include  "SHELL=CMD" "COMPILER=mb-gcc" "ARCHIVER=mb-ar" "COMPILER_FLAGS= -O2 -c -mcpu=v9.6 -mhard-float -mlittle-endian -mno-xl-reorder -mno-xl-soft-div -mno-xl-soft-mul -mxl-barrel-shift" "EXTRA_COMPILER_FLAGS=-g"
"Running Make libs in microblaze_0/libsrc/bram_v4_1/src"
make -C microblaze_0/libsrc/bram_v4_1/src -s libs  "SHELL=CMD" "COMPILER=mb-gcc" "ARCHIVER=mb-ar" "COMPILER_FLAGS= -O2 -c -mcpu=v9.6 -mhard-float -mlittle-endian -mno-xl-reorder -mno-xl-soft-div -mno-xl-soft-mul -mxl-barrel-shift" "EXTRA_COMPILER_FLAGS=-g"
"Compiling bram"
mb-ar: creating ../../../lib/libxil.a
"Running Make libs in microblaze_0/libsrc/cpu_v2_5/src"
make -C microblaze_0/libsrc/cpu_v2_5/src -s libs  "SHELL=CMD" "COMPILER=mb-gcc" "ARCHIVER=mb-ar" "COMPILER_FLAGS= -O2 -c -mcpu=v9.6 -mhard-float -mlittle-endian -mno-xl-reorder -mno-xl-soft-div -mno-xl-soft-mul -mxl-barrel-shift" "EXTRA_COMPILER_FLAGS=-g"
"Compiling cpu"
"Running Make libs in microblaze_0/libsrc/intc_v3_5/src"
make -C microblaze_0/libsrc/intc_v3_5/src -s libs  "SHELL=CMD" "COMPILER=mb-gcc" "ARCHIVER=mb-ar" "COMPILER_FLAGS= -O2 -c -mcpu=v9.6 -mhard-float -mlittle-endian -mno-xl-reorder -mno-xl-soft-div -mno-xl-soft-mul -mxl-barrel-shift" "EXTRA_COMPILER_FLAGS=-g"
"Compiling intc"
"Running Make libs in microblaze_0/libsrc/PmodWIFI_v1_0/src"
make -C microblaze_0/libsrc/PmodWIFI_v1_0/src -s libs  "SHELL=CMD" "COMPILER=mb-gcc" "ARCHIVER=mb-ar" "COMPILER_FLAGS= -O2 -c -mcpu=v9.6 -mhard-float -mlittle-endian -mno-xl-reorder -mno-xl-soft-div -mno-xl-soft-mul -mxl-barrel-shift" "EXTRA_COMPILER_FLAGS=-g"
"Compiling PmodWIFI..."
"Running Make libs in microblaze_0/libsrc/standalone_v5_5/src"
make -C microblaze_0/libsrc/standalone_v5_5/src -s libs  "SHELL=CMD" "COMPILER=mb-gcc" "ARCHIVER=mb-ar" "COMPILER_FLAGS= -O2 -c -mcpu=v9.6 -mhard-float -mlittle-endian -mno-xl-reorder -mno-xl-soft-div -mno-xl-soft-mul -mxl-barrel-shift" "EXTRA_COMPILER_FLAGS=-g"
"Compiling standalone";
"Running Make libs in microblaze_0/libsrc/uartlite_v3_2/src"
make -C microblaze_0/libsrc/uartlite_v3_2/src -s libs  "SHELL=CMD" "COMPILER=mb-gcc" "ARCHIVER=mb-ar" "COMPILER_FLAGS= -O2 -c -mcpu=v9.6 -mhard-float -mlittle-endian -mno-xl-reorder -mno-xl-soft-div -mno-xl-soft-mul -mxl-barrel-shift" "EXTRA_COMPILER_FLAGS=-g"
"Compiling uartlite"
'Finished building libraries'
10:07:13 **** Build of configuration Debug for project test ****
make all 
'Building file: ../src/main.cc'
'Invoking: MicroBlaze g++ compiler'
mb-g++ -Wall -O0 -g3 -c -fmessage-length=0 -MT"src/main.o" -I../../test_bsp/microblaze_0/include -mno-xl-reorder -mlittle-endian -mxl-barrel-shift -mno-xl-soft-div -mcpu=v9.6 -mno-xl-soft-mul -mhard-float -Wl,--no-relax -MMD -MP -MF"src/main.d" -MT"src/main.o" -o "src/main.o" "../src/main.cc"
'Finished building: ../src/main.cc'
' '
'Building target: test.elf'
'Invoking: MicroBlaze g++ linker'
mb-g++ -Wl,-T -Wl,../src/lscript.ld -L../../test_bsp/microblaze_0/lib -mlittle-endian -mxl-barrel-shift -mno-xl-soft-div -mcpu=v9.6 -mno-xl-soft-mul -mhard-float -Wl,--no-relax -o "test.elf"  ./src/main.o   -Wl,--start-group,-lxil,-lgcc,-lc,-lstdc++,--end-group
'Finished building target: test.elf'
' '
'Invoking: MicroBlaze Print Size'
mb-size test.elf  |tee "test.elf.size"
   text	   data	    bss	    dec	    hex	filename
   5912	    336	   3248	   9496	   2518	test.elf
'Finished building: test.elf.size'
' '
10:08:27 **** Auto Build of configuration Debug for project test ****
make all 
'Building file: ../src/main.cc'
'Invoking: MicroBlaze g++ compiler'
mb-g++ -Wall -O0 -g3 -c -fmessage-length=0 -MT"src/main.o" -I../../test_bsp/microblaze_0/include -mno-xl-reorder -mlittle-endian -mxl-barrel-shift -mno-xl-soft-div -mcpu=v9.6 -mno-xl-soft-mul -mhard-float -Wl,--no-relax -MMD -MP -MF"src/main.d" -MT"src/main.o" -o "src/main.o" "../src/main.cc"
'Finished building: ../src/main.cc'
' '
'Building target: test.elf'
'Invoking: MicroBlaze g++ linker'
mb-g++ -Wl,-T -Wl,../src/lscript.ld -L../../test_bsp/microblaze_0/lib -mlittle-endian -mxl-barrel-shift -mno-xl-soft-div -mcpu=v9.6 -mno-xl-soft-mul -mhard-float -Wl,--no-relax -o "test.elf"  ./src/main.o   -Wl,--start-group,-lxil,-lgcc,-lc,-lstdc++,--end-group
'Finished building target: test.elf'
' '
'Invoking: MicroBlaze Print Size'
mb-size test.elf  |tee "test.elf.size"
   text	   data	    bss	    dec	    hex	filename
 271272	   8048	  19176	 298496	  48e00	test.elf
'Finished building: test.elf.size'
' '
10:08:33 **** Incremental Build of configuration Debug for project test ****
make all 
make: Nothing to be done for `all'.
11:39:15 **** Auto Build of configuration Debug for project test ****
make all 
'Building file: ../src/main.cc'
'Invoking: MicroBlaze g++ compiler'
mb-g++ -Wall -O0 -g3 -c -fmessage-length=0 -MT"src/main.o" -I../../test_bsp/microblaze_0/include -mno-xl-reorder -mlittle-endian -mxl-barrel-shift -mno-xl-soft-div -mcpu=v9.6 -mno-xl-soft-mul -mhard-float -Wl,--no-relax -MMD -MP -MF"src/main.d" -MT"src/main.o" -o "src/main.o" "../src/main.cc"
'Finished building: ../src/main.cc'
' '
'Building target: test.elf'
'Invoking: MicroBlaze g++ linker'
mb-g++ -Wl,-T -Wl,../src/lscript.ld -L../../test_bsp/microblaze_0/lib -mlittle-endian -mxl-barrel-shift -mno-xl-soft-div -mcpu=v9.6 -mno-xl-soft-mul -mhard-float -Wl,--no-relax -o "test.elf"  ./src/main.o   -Wl,--start-group,-lxil,-lgcc,-lc,-lstdc++,--end-group
'Finished building target: test.elf'
' '
'Invoking: MicroBlaze Print Size'
mb-size test.elf  |tee "test.elf.size"
   text	   data	    bss	    dec	    hex	filename
 271420	   8048	  19180	 298648	  48e98	test.elf
'Finished building: test.elf.size'
' '
20:10:42 **** Incremental Build of configuration Debug for project test ****
make all 
'Building file: ../src/main.cc'
'Invoking: MicroBlaze g++ compiler'
mb-g++ -Wall -O0 -g3 -c -fmessage-length=0 -MT"src/main.o" -I../../test_bsp/microblaze_0/include -mno-xl-reorder -mlittle-endian -mxl-barrel-shift -mno-xl-soft-div -mcpu=v9.6 -mno-xl-soft-mul -mhard-float -Wl,--no-relax -MMD -MP -MF"src/main.d" -MT"src/main.o" -o "src/main.o" "../src/main.cc"
../src/main.cc:2:22: fatal error: PmodWIFI.h: No such file or directory
compilation terminated.
make: *** [src/main.o] Error 1
20:11:50 **** Auto Build of configuration Debug for project test ****
make all 
'Building file: ../src/main.cc'
'Invoking: MicroBlaze g++ compiler'
mb-g++ -Wall -O0 -g3 -c -fmessage-length=0 -MT"src/main.o" -I../../test_bsp/microblaze_0/include -mno-xl-reorder -mlittle-endian -mxl-barrel-shift -mno-xl-soft-div -mcpu=v9.6 -mno-xl-soft-mul -mhard-float -Wl,--no-relax -MMD -MP -MF"src/main.d" -MT"src/main.o" -o "src/main.o" "../src/main.cc"
../src/main.cc:3:23: fatal error: xil_cache.h: No such file or directory
compilation terminated.
make: *** [src/main.o] Error 1
20:11:57 **** Auto Build of configuration Debug for project test ****
make all 
'Building file: ../src/main.cc'
'Invoking: MicroBlaze g++ compiler'
mb-g++ -Wall -O0 -g3 -c -fmessage-length=0 -MT"src/main.o" -I../../test_bsp/microblaze_0/include -mno-xl-reorder -mlittle-endian -mxl-barrel-shift -mno-xl-soft-div -mcpu=v9.6 -mno-xl-soft-mul -mhard-float -Wl,--no-relax -MMD -MP -MF"src/main.d" -MT"src/main.o" -o "src/main.o" "../src/main.cc"
../src/main.cc:2:22: fatal error: PmodWIFI.h: No such file or directory
compilation terminated.
make: *** [src/main.o] Error 1
20:13:41 **** Auto Build of project test_bsp ****
make -k all 
"Running Make include in microblaze_0/libsrc/bram_v4_1/src"
make -C microblaze_0/libsrc/bram_v4_1/src -s include  "SHELL=CMD" "COMPILER=mb-gcc" "ARCHIVER=mb-ar" "COMPILER_FLAGS= -O2 -c -mcpu=v9.6 -mhard-float -mlittle-endian -mno-xl-reorder -mno-xl-soft-div -mno-xl-soft-mul -mxl-barrel-shift" "EXTRA_COMPILER_FLAGS=-g"
"Running Make include in microblaze_0/libsrc/cpu_v2_5/src"
make -C microblaze_0/libsrc/cpu_v2_5/src -s include  "SHELL=CMD" "COMPILER=mb-gcc" "ARCHIVER=mb-ar" "COMPILER_FLAGS= -O2 -c -mcpu=v9.6 -mhard-float -mlittle-endian -mno-xl-reorder -mno-xl-soft-div -mno-xl-soft-mul -mxl-barrel-shift" "EXTRA_COMPILER_FLAGS=-g"
"Running Make include in microblaze_0/libsrc/intc_v3_5/src"
make -C microblaze_0/libsrc/intc_v3_5/src -s include  "SHELL=CMD" "COMPILER=mb-gcc" "ARCHIVER=mb-ar" "COMPILER_FLAGS= -O2 -c -mcpu=v9.6 -mhard-float -mlittle-endian -mno-xl-reorder -mno-xl-soft-div -mno-xl-soft-mul -mxl-barrel-shift" "EXTRA_COMPILER_FLAGS=-g"
"Running Make include in microblaze_0/libsrc/PmodWIFI_v1_0/src"
make -C microblaze_0/libsrc/PmodWIFI_v1_0/src -s include  "SHELL=CMD" "COMPILER=mb-gcc" "ARCHIVER=mb-ar" "COMPILER_FLAGS= -O2 -c -mcpu=v9.6 -mhard-float -mlittle-endian -mno-xl-reorder -mno-xl-soft-div -mno-xl-soft-mul -mxl-barrel-shift" "EXTRA_COMPILER_FLAGS=-g"
"Running Make include in microblaze_0/libsrc/standalone_v5_5/src"
make -C microblaze_0/libsrc/standalone_v5_5/src -s include  "SHELL=CMD" "COMPILER=mb-gcc" "ARCHIVER=mb-ar" "COMPILER_FLAGS= -O2 -c -mcpu=v9.6 -mhard-float -mlittle-endian -mno-xl-reorder -mno-xl-soft-div -mno-xl-soft-mul -mxl-barrel-shift" "EXTRA_COMPILER_FLAGS=-g"
"Running Make include in microblaze_0/libsrc/uartlite_v3_2/src"
make -C microblaze_0/libsrc/uartlite_v3_2/src -s include  "SHELL=CMD" "COMPILER=mb-gcc" "ARCHIVER=mb-ar" "COMPILER_FLAGS= -O2 -c -mcpu=v9.6 -mhard-float -mlittle-endian -mno-xl-reorder -mno-xl-soft-div -mno-xl-soft-mul -mxl-barrel-shift" "EXTRA_COMPILER_FLAGS=-g"
"Running Make libs in microblaze_0/libsrc/bram_v4_1/src"
make -C microblaze_0/libsrc/bram_v4_1/src -s libs  "SHELL=CMD" "COMPILER=mb-gcc" "ARCHIVER=mb-ar" "COMPILER_FLAGS= -O2 -c -mcpu=v9.6 -mhard-float -mlittle-endian -mno-xl-reorder -mno-xl-soft-div -mno-xl-soft-mul -mxl-barrel-shift" "EXTRA_COMPILER_FLAGS=-g"
"Compiling bram"
mb-ar: creating ../../../lib/libxil.a
"Running Make libs in microblaze_0/libsrc/cpu_v2_5/src"
make -C microblaze_0/libsrc/cpu_v2_5/src -s libs  "SHELL=CMD" "COMPILER=mb-gcc" "ARCHIVER=mb-ar" "COMPILER_FLAGS= -O2 -c -mcpu=v9.6 -mhard-float -mlittle-endian -mno-xl-reorder -mno-xl-soft-div -mno-xl-soft-mul -mxl-barrel-shift" "EXTRA_COMPILER_FLAGS=-g"
"Compiling cpu"
"Running Make libs in microblaze_0/libsrc/intc_v3_5/src"
make -C microblaze_0/libsrc/intc_v3_5/src -s libs  "SHELL=CMD" "COMPILER=mb-gcc" "ARCHIVER=mb-ar" "COMPILER_FLAGS= -O2 -c -mcpu=v9.6 -mhard-float -mlittle-endian -mno-xl-reorder -mno-xl-soft-div -mno-xl-soft-mul -mxl-barrel-shift" "EXTRA_COMPILER_FLAGS=-g"
"Compiling intc"
"Running Make libs in microblaze_0/libsrc/PmodWIFI_v1_0/src"
make -C microblaze_0/libsrc/PmodWIFI_v1_0/src -s libs  "SHELL=CMD" "COMPILER=mb-gcc" "ARCHIVER=mb-ar" "COMPILER_FLAGS= -O2 -c -mcpu=v9.6 -mhard-float -mlittle-endian -mno-xl-reorder -mno-xl-soft-div -mno-xl-soft-mul -mxl-barrel-shift" "EXTRA_COMPILER_FLAGS=-g"
"Compiling PmodWIFI..."
"Running Make libs in microblaze_0/libsrc/standalone_v5_5/src"
make -C microblaze_0/libsrc/standalone_v5_5/src -s libs  "SHELL=CMD" "COMPILER=mb-gcc" "ARCHIVER=mb-ar" "COMPILER_FLAGS= -O2 -c -mcpu=v9.6 -mhard-float -mlittle-endian -mno-xl-reorder -mno-xl-soft-div -mno-xl-soft-mul -mxl-barrel-shift" "EXTRA_COMPILER_FLAGS=-g"
"Compiling standalone";
"Running Make libs in microblaze_0/libsrc/uartlite_v3_2/src"
make -C microblaze_0/libsrc/uartlite_v3_2/src -s libs  "SHELL=CMD" "COMPILER=mb-gcc" "ARCHIVER=mb-ar" "COMPILER_FLAGS= -O2 -c -mcpu=v9.6 -mhard-float -mlittle-endian -mno-xl-reorder -mno-xl-soft-div -mno-xl-soft-mul -mxl-barrel-shift" "EXTRA_COMPILER_FLAGS=-g"
"Compiling uartlite"
'Finished building libraries'
20:15:21 **** Build of project test2_bsp ****
make -k all 
"Running Make include in microblaze_0/libsrc/bram_v4_1/src"
make -C microblaze_0/libsrc/bram_v4_1/src -s include  "SHELL=CMD" "COMPILER=mb-gcc" "ARCHIVER=mb-ar" "COMPILER_FLAGS= -O2 -c -mcpu=v9.6 -mhard-float -mlittle-endian -mno-xl-reorder -mno-xl-soft-div -mno-xl-soft-mul -mxl-barrel-shift" "EXTRA_COMPILER_FLAGS=-g"
"Running Make include in microblaze_0/libsrc/cpu_v2_5/src"
make -C microblaze_0/libsrc/cpu_v2_5/src -s include  "SHELL=CMD" "COMPILER=mb-gcc" "ARCHIVER=mb-ar" "COMPILER_FLAGS= -O2 -c -mcpu=v9.6 -mhard-float -mlittle-endian -mno-xl-reorder -mno-xl-soft-div -mno-xl-soft-mul -mxl-barrel-shift" "EXTRA_COMPILER_FLAGS=-g"
"Running Make include in microblaze_0/libsrc/intc_v3_5/src"
make -C microblaze_0/libsrc/intc_v3_5/src -s include  "SHELL=CMD" "COMPILER=mb-gcc" "ARCHIVER=mb-ar" "COMPILER_FLAGS= -O2 -c -mcpu=v9.6 -mhard-float -mlittle-endian -mno-xl-reorder -mno-xl-soft-div -mno-xl-soft-mul -mxl-barrel-shift" "EXTRA_COMPILER_FLAGS=-g"
"Running Make include in microblaze_0/libsrc/PmodWIFI_v1_0/src"
make -C microblaze_0/libsrc/PmodWIFI_v1_0/src -s include  "SHELL=CMD" "COMPILER=mb-gcc" "ARCHIVER=mb-ar" "COMPILER_FLAGS= -O2 -c -mcpu=v9.6 -mhard-float -mlittle-endian -mno-xl-reorder -mno-xl-soft-div -mno-xl-soft-mul -mxl-barrel-shift" "EXTRA_COMPILER_FLAGS=-g"
"Running Make include in microblaze_0/libsrc/standalone_v5_5/src"
make -C microblaze_0/libsrc/standalone_v5_5/src -s include  "SHELL=CMD" "COMPILER=mb-gcc" "ARCHIVER=mb-ar" "COMPILER_FLAGS= -O2 -c -mcpu=v9.6 -mhard-float -mlittle-endian -mno-xl-reorder -mno-xl-soft-div -mno-xl-soft-mul -mxl-barrel-shift" "EXTRA_COMPILER_FLAGS=-g"
"Running Make include in microblaze_0/libsrc/uartlite_v3_2/src"
make -C microblaze_0/libsrc/uartlite_v3_2/src -s include  "SHELL=CMD" "COMPILER=mb-gcc" "ARCHIVER=mb-ar" "COMPILER_FLAGS= -O2 -c -mcpu=v9.6 -mhard-float -mlittle-endian -mno-xl-reorder -mno-xl-soft-div -mno-xl-soft-mul -mxl-barrel-shift" "EXTRA_COMPILER_FLAGS=-g"
"Running Make libs in microblaze_0/libsrc/bram_v4_1/src"
make -C microblaze_0/libsrc/bram_v4_1/src -s libs  "SHELL=CMD" "COMPILER=mb-gcc" "ARCHIVER=mb-ar" "COMPILER_FLAGS= -O2 -c -mcpu=v9.6 -mhard-float -mlittle-endian -mno-xl-reorder -mno-xl-soft-div -mno-xl-soft-mul -mxl-barrel-shift" "EXTRA_COMPILER_FLAGS=-g"
"Compiling bram"
mb-ar: creating ../../../lib/libxil.a
"Running Make libs in microblaze_0/libsrc/cpu_v2_5/src"
make -C microblaze_0/libsrc/cpu_v2_5/src -s libs  "SHELL=CMD" "COMPILER=mb-gcc" "ARCHIVER=mb-ar" "COMPILER_FLAGS= -O2 -c -mcpu=v9.6 -mhard-float -mlittle-endian -mno-xl-reorder -mno-xl-soft-div -mno-xl-soft-mul -mxl-barrel-shift" "EXTRA_COMPILER_FLAGS=-g"
"Compiling cpu"
"Running Make libs in microblaze_0/libsrc/intc_v3_5/src"
make -C microblaze_0/libsrc/intc_v3_5/src -s libs  "SHELL=CMD" "COMPILER=mb-gcc" "ARCHIVER=mb-ar" "COMPILER_FLAGS= -O2 -c -mcpu=v9.6 -mhard-float -mlittle-endian -mno-xl-reorder -mno-xl-soft-div -mno-xl-soft-mul -mxl-barrel-shift" "EXTRA_COMPILER_FLAGS=-g"
"Compiling intc"
"Running Make libs in microblaze_0/libsrc/PmodWIFI_v1_0/src"
make -C microblaze_0/libsrc/PmodWIFI_v1_0/src -s libs  "SHELL=CMD" "COMPILER=mb-gcc" "ARCHIVER=mb-ar" "COMPILER_FLAGS= -O2 -c -mcpu=v9.6 -mhard-float -mlittle-endian -mno-xl-reorder -mno-xl-soft-div -mno-xl-soft-mul -mxl-barrel-shift" "EXTRA_COMPILER_FLAGS=-g"
"Compiling PmodWIFI..."
"Running Make libs in microblaze_0/libsrc/standalone_v5_5/src"
make -C microblaze_0/libsrc/standalone_v5_5/src -s libs  "SHELL=CMD" "COMPILER=mb-gcc" "ARCHIVER=mb-ar" "COMPILER_FLAGS= -O2 -c -mcpu=v9.6 -mhard-float -mlittle-endian -mno-xl-reorder -mno-xl-soft-div -mno-xl-soft-mul -mxl-barrel-shift" "EXTRA_COMPILER_FLAGS=-g"
"Compiling standalone";
"Running Make libs in microblaze_0/libsrc/uartlite_v3_2/src"
make -C microblaze_0/libsrc/uartlite_v3_2/src -s libs  "SHELL=CMD" "COMPILER=mb-gcc" "ARCHIVER=mb-ar" "COMPILER_FLAGS= -O2 -c -mcpu=v9.6 -mhard-float -mlittle-endian -mno-xl-reorder -mno-xl-soft-div -mno-xl-soft-mul -mxl-barrel-shift" "EXTRA_COMPILER_FLAGS=-g"
"Compiling uartlite"
'Finished building libraries'
20:16:53 **** Build of configuration Debug for project test2 ****
make all 
'Building file: ../src/main.cc'
'Invoking: MicroBlaze g++ compiler'
mb-g++ -Wall -O0 -g3 -c -fmessage-length=0 -MT"src/main.o" -I../../test2_bsp/microblaze_0/include -mno-xl-reorder -mlittle-endian -mxl-barrel-shift -mno-xl-soft-div -mcpu=v9.6 -mno-xl-soft-mul -mhard-float -Wl,--no-relax -MMD -MP -MF"src/main.d" -MT"src/main.o" -o "src/main.o" "../src/main.cc"
'Finished building: ../src/main.cc'
' '
'Building target: test2.elf'
'Invoking: MicroBlaze g++ linker'
mb-g++ -Wl,-T -Wl,../src/lscript.ld -L../../test2_bsp/microblaze_0/lib -mlittle-endian -mxl-barrel-shift -mno-xl-soft-div -mcpu=v9.6 -mno-xl-soft-mul -mhard-float -Wl,--no-relax -o "test2.elf"  ./src/main.o   -Wl,--start-group,-lxil,-lgcc,-lc,-lstdc++,--end-group
'Finished building target: test2.elf'
' '
'Invoking: MicroBlaze Print Size'
mb-size test2.elf  |tee "test2.elf.size"
   text	   data	    bss	    dec	    hex	filename
 271420	   8048	  19180	 298648	  48e98	test2.elf
'Finished building: test2.elf.size'
' '
20:16:57 **** Auto Build of configuration Debug for project test ****
make all 
'Building file: ../src/main.cc'
'Invoking: MicroBlaze g++ compiler'
mb-g++ -Wall -O0 -g3 -c -fmessage-length=0 -MT"src/main.o" -I../../test_bsp/microblaze_0/include -mno-xl-reorder -mlittle-endian -mxl-barrel-shift -mno-xl-soft-div -mcpu=v9.6 -mno-xl-soft-mul -mhard-float -Wl,--no-relax -MMD -MP -MF"src/main.d" -MT"src/main.o" -o "src/main.o" "../src/main.cc"
'Finished building: ../src/main.cc'
' '
'Building target: test.elf'
'Invoking: MicroBlaze g++ linker'
mb-g++ -Wl,-T -Wl,../src/lscript.ld -L../../test_bsp/microblaze_0/lib -mlittle-endian -mxl-barrel-shift -mno-xl-soft-div -mcpu=v9.6 -mno-xl-soft-mul -mhard-float -Wl,--no-relax -o "test.elf"  ./src/main.o   -Wl,--start-group,-lxil,-lgcc,-lc,-lstdc++,--end-group
'Finished building target: test.elf'
' '
'Invoking: MicroBlaze Print Size'
mb-size test.elf  |tee "test.elf.size"
   text	   data	    bss	    dec	    hex	filename
 271420	   8048	  19180	 298648	  48e98	test.elf
'Finished building: test.elf.size'
' '
20:17:38 **** Incremental Build of configuration Debug for project test2 ****
make all 
make: Nothing to be done for `all'.
20:17:40 **** Incremental Build of configuration Debug for project test ****
make all 
make: Nothing to be done for `all'.
20:18:14 **** Auto Build of configuration Debug for project test2 ****
make all 
'Building file: ../src/main.cc'
'Invoking: MicroBlaze g++ compiler'
mb-g++ -Wall -O0 -g3 -c -fmessage-length=0 -MT"src/main.o" -I../../test2_bsp/microblaze_0/include -mno-xl-reorder -mlittle-endian -mxl-barrel-shift -mno-xl-soft-div -mcpu=v9.6 -mno-xl-soft-mul -mhard-float -Wl,--no-relax -MMD -MP -MF"src/main.d" -MT"src/main.o" -o "src/main.o" "../src/main.cc"
../src/main.cc: In function 'int main()':
../src/main.cc:28:27: error: 'xil_print' was not declared in this scope
   xil_print("%x",to_read_i);
                           ^
make: *** [src/main.o] Error 1
20:18:46 **** Auto Build of configuration Debug for project test2 ****
make all 
'Building file: ../src/main.cc'
'Invoking: MicroBlaze g++ compiler'
mb-g++ -Wall -O0 -g3 -c -fmessage-length=0 -MT"src/main.o" -I../../test2_bsp/microblaze_0/include -mno-xl-reorder -mlittle-endian -mxl-barrel-shift -mno-xl-soft-div -mcpu=v9.6 -mno-xl-soft-mul -mhard-float -Wl,--no-relax -MMD -MP -MF"src/main.d" -MT"src/main.o" -o "src/main.o" "../src/main.cc"
'Finished building: ../src/main.cc'
' '
'Building target: test2.elf'
'Invoking: MicroBlaze g++ linker'
mb-g++ -Wl,-T -Wl,../src/lscript.ld -L../../test2_bsp/microblaze_0/lib -mlittle-endian -mxl-barrel-shift -mno-xl-soft-div -mcpu=v9.6 -mno-xl-soft-mul -mhard-float -Wl,--no-relax -o "test2.elf"  ./src/main.o   -Wl,--start-group,-lxil,-lgcc,-lc,-lstdc++,--end-group
'Finished building target: test2.elf'
' '
'Invoking: MicroBlaze Print Size'
mb-size test2.elf  |tee "test2.elf.size"
   text	   data	    bss	    dec	    hex	filename
 271448	   8092	  19180	 298720	  48ee0	test2.elf
'Finished building: test2.elf.size'
' '
20:18:51 **** Incremental Build of configuration Debug for project test2 ****
make all 
make: Nothing to be done for `all'.
20:18:53 **** Incremental Build of configuration Debug for project test ****
make all 
make: Nothing to be done for `all'.
20:24:38 **** Auto Build of configuration Debug for project test2 ****
make all 
'Building file: ../src/main.cc'
'Invoking: MicroBlaze g++ compiler'
mb-g++ -Wall -O0 -g3 -c -fmessage-length=0 -MT"src/main.o" -I../../test2_bsp/microblaze_0/include -mno-xl-reorder -mlittle-endian -mxl-barrel-shift -mno-xl-soft-div -mcpu=v9.6 -mno-xl-soft-mul -mhard-float -Wl,--no-relax -MMD -MP -MF"src/main.d" -MT"src/main.o" -o "src/main.o" "../src/main.cc"
../src/main.cc: In function 'void DemoRun()':
../src/main.cc:249:6: error: redeclaration of 'int to_read_i'
  int to_read_i;
      ^
../src/main.cc:245:13: note: 'int to_read_i' previously declared here
         int to_read_i;
             ^
../src/main.cc:252:26: error: conflicting declaration 'u8 to_read [1640]'
         byte to_read[1640]= {0xff,0xd8,0xff,0xe0,0x00,0x10,0x4a,0x46,0x49,0x46,0x00,0x01,0x01,0x00,0x00,0x01,0x00,0x01,0x00,0x00,0xff,0xdb,0x00,0x43,0x00,0x08,0x06,0x06,0x07,0x06,0x05,0x08,0x07,0x07,0x07,0x09,0x09,0x08,0x0a,0x0c,0x14,0x0d,0x0c,0x0b,0x0b,0x0c,0x19,0x12,0x13,0x0f,0x14,0x1d,0x1a,0x1f,0x1e,0x1d,0x1a,0x1c,0x1c,0x20,0x24,0x2e,0x27,0x20,0x22,0x2c,0x23,0x1c,0x1c,0x28,0x37,0x29,0x2c,0x30,0x31,0x34,0x34,0x34,0x1f,0x27,0x39,0x3d,0x38,0x32,0x3c,0x2e,0x33,0x34,0x32,0xff,0xdb,0x00,0x43,0x01,0x09,0x09,0x09,0x0c,0x0b,0x0c,0x18,0x0d,0x0d,0x18,0x32,0x21,0x1c,0x21,0x32,0x32,0x32,0x32,0x32,0x32,0x32,0x32,0x32,0x32,0x32,0x32,0x32,0x32,0x32,0x32,0x32,0x32,0x32,0x32,0x32,0x32,0x32,0x32,0x32,0x32,0x32,0x32,0x32,0x32,0x32,0x32,0x32,0x32,0x32,0x32,0x32,0x32,0x32,0x32,0x32,0x32,0x32,0x32,0x32,0x32,0x32,0x32,0x32,0x32,0xff,0xc0,0x00,0x11,0x08,0x00,0x40,0x00,0x40,0x03,0x01,0x22,0x00,0x02,0x11,0x01,0x03,0x11,0x01,0xff,0xc4,0x00,0x1f,0x00,0x00,0x01,0x05,0x01,0x01,0x01,0x01,0x01,0x01,0x00,0x00,0x00,0x00,0x00,0x00,0x00,0x00,0x01,0x02,0x03,0x04,0x05,0x06,0x07,0x08,0x09,0x0a,0x0b,0xff,0xc4,0x00,0xb5,0x10,0x00,0x02,0x01,0x03,0x03,0x02,0x04,0x03,0x05,0x05,0x04,0x04,0x00,0x00,0x01,0x7d,0x01,0x02,0x03,0x00,0x04,0x11,0x05,0x12,0x21,0x31,0x41,0x06,0x13,0x51,0x61,0x07,0x22,0x71,0x14,0x32,0x81,0x91,0xa1,0x08,0x23,0x42,0xb1,0xc1,0x15,0x52,0xd1,0xf0,0x24,0x33,0x62,0x72,0x82,0x09,0x0a,0x16,0x17,0x18,0x19,0x1a,0x25,0x26,0x27,0x28,0x29,0x2a,0x34,0x35,0x36,0x37,0x38,0x39,0x3a,0x43,0x44,0x45,0x46,0x47,0x48,0x49,0x4a,0x53,0x54,0x55,0x56,0x57,0x58,0x59,0x5a,0x63,0x64,0x65,0x66,0x67,0x68,0x69,0x6a,0x73,0x74,0x75,0x76,0x77,0x78,0x79,0x7a,0x83,0x84,0x85,0x86,0x87,0x88,0x89,0x8a,0x92,0x93,0x94,0x95,0x96,0x97,0x98,0x99,0x9a,0xa2,0xa3,0xa4,0xa5,0xa6,0xa7,0xa8,0xa9,0xaa,0xb2,0xb3,0xb4,0xb5,0xb6,0xb7,0xb8,0xb9,0xba,0xc2,0xc3,0xc4,0xc5,0xc6,0xc7,0xc8,0xc9,0xca,0xd2,0xd3,0xd4,0xd5,0xd6,0xd7,0xd8,0xd9,0xda,0xe1,0xe2,0xe3,0xe4,0xe5,0xe6,0xe7,0xe8,0xe9,0xea,0xf1,0xf2,0xf3,0xf4,0xf5,0xf6,0xf7,0xf8,0xf9,0xfa,0xff,0xc4,0x00,0x1f,0x01,0x00,0x03,0x01,0x01,0x01,0x01,0x01,0x01,0x01,0x01,0x01,0x00,0x00,0x00,0x00,0x00,0x00,0x01,0x02,0x03,0x04,0x05,0x06,0x07,0x08,0x09,0x0a,0x0b,0xff,0xc4,0x00,0xb5,0x11,0x00,0x02,0x01,0x02,0x04,0x04,0x03,0x04,0x07,0x05,0x04,0x04,0x00,0x01,0x02,0x77,0x00,0x01,0x02,0x03,0x11,0x04,0x05,0x21,0x31,0x06,0x12,0x41,0x51,0x07,0x61,0x71,0x13,0x22,0x32,0x81,0x08,0x14,0x42,0x91,0xa1,0xb1,0xc1,0x09,0x23,0x33,0x52,0xf0,0x15,0x62,0x72,0xd1,0x0a,0x16,0x24,0x34,0xe1,0x25,0xf1,0x17,0x18,0x19,0x1a,0x26,0x27,0x28,0x29,0x2a,0x35,0x36,0x37,0x38,0x39,0x3a,0x43,0x44,0x45,0x46,0x47,0x48,0x49,0x4a,0x53,0x54,0x55,0x56,0x57,0x58,0x59,0x5a,0x63,0x64,0x65,0x66,0x67,0x68,0x69,0x6a,0x73,0x74,0x75,0x76,0x77,0x78,0x79,0x7a,0x82,0x83,0x84,0x85,0x86,0x87,0x88,0x89,0x8a,0x92,0x93,0x94,0x95,0x96,0x97,0x98,0x99,0x9a,0xa2,0xa3,0xa4,0xa5,0xa6,0xa7,0xa8,0xa9,0xaa,0xb2,0xb3,0xb4,0xb5,0xb6,0xb7,0xb8,0xb9,0xba,0xc2,0xc3,0xc4,0xc5,0xc6,0xc7,0xc8,0xc9,0xca,0xd2,0xd3,0xd4,0xd5,0xd6,0xd7,0xd8,0xd9,0xda,0xe2,0xe3,0xe4,0xe5,0xe6,0xe7,0xe8,0xe9,0xea,0xf2,0xf3,0xf4,0xf5,0xf6,0xf7,0xf8,0xf9,0xfa,0xff,0xda,0x00,0x0c,0x03,0x01,0x00,0x02,0x11,0x03,0x11,0x00,0x3f,0x00,0x41,0xfc,0x25,0x5b,0x1d,0x41,0xcf,0xf3,0xfd,0x28,0x20,0x72,0x46,0x70,0x7d,0xbb,0x7f,0x91,0x52,0x00,0xc1,0x77,0x1d,0xb8,0xc7,0x43,0xfe,0x7d,0xff,0x00,0x5a,0x3c,0xb6,0x18,0x3b,0xf8,0x07,0x92,0x07,0xff,0x00,0x5f,0xde,0xa0,0x44,0x0e,0xb9,0xdc,0x30,0x70,0x46,0x41,0xc7,0x4a,0xad,0x73,0xe6,0xc7,0x03,0x3a,0xed,0xc8,0xc6,0x54,0xfa,0x63,0xb0,0xad,0x22,0x80,0x10,0x54,0x67,0x03,0x1d,0x69,0xa6,0x35,0x91,0x36,0x30,0x18,0xc0,0xe4,0x73,0x91,0x8a,0x1a,0xb9,0x54,0xe4,0xa3,0x35,0x26,0x8c,0x44,0xd5,0x26,0x08,0x50,0xbe,0x50,0x90,0x59,0x71,0xd7,0x1c,0xd6,0xbc,0x72,0x23,0xc4,0xb2,0xa0,0x1b,0x49,0xdd,0xc2,0xf4,0x15,0xcf,0x5c,0xc2,0xb6,0xd3,0xbc,0x65,0xba,0x1e,0x3e,0x95,0x67,0x4a,0xbe,0x11,0x39,0xb6,0x76,0xc2,0x49,0xf7,0x18,0x8f,0xba,0xdf,0xe1,0x58,0x42,0x4d,0x3b,0x33,0xe8,0x31,0xd8,0x38,0xd6,0xa2,0xaa,0xd1,0x5a,0xfe,0x86,0xd0,0x0e,0x00,0xc0,0x23,0xe8,0x7a,0xff,0x00,0x8f,0xa5,0x23,0x28,0x24,0x81,0xd5,0xb2,0x32,0x0e,0x7f,0x5a,0x9f,0x00,0x02,0xc0,0x6e,0x04,0x67,0x8f,0x6e,0x9f,0xce,0xa3,0x9e,0x33,0x1b,0x67,0x77,0xca,0x4f,0x4e,0xbf,0xe7,0xa8,0xfc,0xab,0x66,0x78,0x08,0x79,0x70,0xc9,0x86,0x60,0x08,0x3f,0x31,0x07,0xa8,0xf5,0xfe,0xb4,0xd3,0xdc,0x11,0x96,0x23,0x82,0x07,0xb6,0x71,0xed,0x4e,0x2c,0xce,0x18,0x6d,0x19,0x6c,0x64,0x7b,0x67,0xaf,0xf4,0xfc,0x45,0x01,0x8a,0xb8,0x6c,0xe7,0x07,0xa8,0x04,0x12,0x01,0xe7,0x9f,0xc4,0x9a,0x64,0x89,0x9e,0x55,0x86,0x09,0xe0,0x12,0x47,0x5c,0x75,0xce,0x7f,0x0a,0x56,0x5d,0xa0,0x95,0x0d,0xd0,0x6e,0xe7,0x24,0x7a,0x7f,0x2a,0x40,0xa3,0x61,0x76,0x03,0x24,0x73,0xd8,0x64,0x9e,0x9c,0x7d,0x28,0x20,0xf9,0x60,0x0c,0x96,0x23,0x0d,0x9e,0xe7,0xb7,0x4e,0x9d,0xc5,0x00,0x64,0xeb,0x76,0xe4,0x3a,0x4d,0xb9,0x73,0x8d,0xa4,0x91,0xf5,0xf4,0xac,0x46,0x88,0xb6,0xdc,0xcf,0x20,0x00,0xe7,0x11,0xf1,0x91,0x5d,0x06,0xae,0xc3,0xec,0xb0,0xaa,0x00,0x40,0x63,0x9f,0xd7,0xf2,0xef,0x58,0x7f,0x3e,0x71,0x8c,0x57,0x3d,0x4f,0x88,0xfa,0x9c,0xad,0x73,0x61,0x95,0xce,0x9a,0xce,0x50,0xf6,0xb1,0x48,0x07,0x31,0xa0,0xc0,0xfc,0x31,0xc7,0xe5,0x8f,0xc6,0xa6,0x0c,0x09,0x08,0x48,0xdb,0x83,0xc0,0x1d,0x3f,0x13,0xfe,0x45,0x53,0xd2,0xdc,0x1b,0x15,0x0c,0x01,0xda,0x48,0xc1,0x3e,0xe4,0xf4,0xed,0xd4,0x73,0x56,0xa4,0x66,0x84,0xe5,0x70,0x1c,0x9d,0xa4,0xe3,0x2c,0xd9,0xc7,0x51,0xdf,0xa5,0x6d,0x17,0x74,0x8f,0x9f,0xc4,0xc3,0x96,0xb4,0xa3,0xe6,0x27,0xcc,0x63,0x1b,0x4e,0xdf,0x9b,0x6f,0xae,0x47,0xb6,0x3f,0x3f,0xc3,0xf2,0x95,0x86,0x11,0x77,0x70,0xf8,0xc9,0x39,0xcf,0xbf,0xe3,0xdf,0xf1,0xf5,0xa8,0x0c,0xaf,0xb1,0xb0,0x79,0x23,0x18,0x62,0x3a,0xe3,0x39,0x1d,0xfb,0x93,0xfe,0x78,0x64,0x8c,0xec,0x01,0x21,0x8a,0xab,0x64,0x38,0xe8,0x4e,0x3d,0xce,0x73,0xcd,0x33,0x02,0xd0,0x0a,0x3e,0x56,0x2a,0x38,0x1b,0x98,0x70,0x08,0xc9,0x38,0xeb,0xdf,0xe6,0xa4,0x27,0xcb,0x12,0x36,0x36,0x8c,0xe4,0x67,0x81,0xd7,0xd7,0xf1,0x3f,0xe4,0x54,0x2d,0xf3,0x92,0xbf,0x3b,0x9c,0x71,0xf3,0x73,0xb7,0x38,0xe0,0x8f,0xc7,0xf1,0xa3,0xcb,0x53,0xf3,0x24,0x6a,0x09,0x39,0x38,0xe4,0xaf,0x5e,0xe3,0xa9,0xed,0xd8,0x51,0xa8,0x8a,0x5a,0xbb,0x97,0x86,0x33,0x83,0x9d,0xe4,0x9c,0x1e,0x3a,0x7f,0x9e,0x6b,0x1b,0x9e,0x3f,0x9e,0x6b,0x73,0x52,0xb6,0x96,0x6b,0x54,0x30,0x95,0x92,0x45,0x60,0xb8,0x66,0xda,0x00,0xfa,0xe0,0x9e,0xe3,0xb5,0x67,0x2e,0x95,0x7d,0x27,0x01,0x6d,0xd1,0xb3,0x82,0x1a,0x46,0x62,0x0f,0x4e,0xcb,0xeb,0x8e,0x2b,0x19,0xc5,0xb6,0x7d,0x0e,0x5d,0x8d,0xa1,0x46,0x82,0x8c,0xe5,0xa9,0x63,0x4a,0x99,0xa3,0x59,0xce,0x53,0x66,0x00,0x6d,0xdd,0x87,0x3d,0x07,0xe7,0x57,0xd9,0xa4,0x63,0x8d,0xd8,0x8c,0xae,0x55,0x4e,0x30,0x01,0xe7,0x19,0x24,0xd6,0x6d,0x8d,0x8d,0xed,0xa5,0xc2,0xbc,0xd3,0x43,0xf3,0x74,0x8d,0x14,0x96,0x5f,0x42,0x49,0x3c,0x75,0xf6,0xef,0x5b,0x2b,0x1a,0xa3,0x2a,0x90,0x77,0xe3,0xef,0x67,0x18,0x27,0xae,0x31,0xf3,0x77,0xe8,0x6b,0x48,0xa6,0x91,0xe5,0xe3,0x6a,0x42,0xa5,0x77,0x3a,0x7b,0x32,0x90,0x89,0xb6,0xa9,0x29,0x81,0xb8,0xa8,0x21,0x48,0xcf,0x23,0x39,0xef,0xe9,0xff,0x00,0xd6,0xa5,0x12,0xef,0x50,0x50,0xb6,0x15,0xce,0x54,0x1e,0x71,0xec,0x47,0xe3,0xd7,0xf5,0xa8,0x83,0x7c,0xd1,0x3e,0xf6,0x3c,0x15,0x25,0x94,0xb0,0x18,0x23,0x23,0x23,0x93,0xfe,0x7a,0xd3,0x98,0xba,0xef,0x05,0x81,0xdc,0x40,0xe1,0xfe,0x73,0xc6,0x78,0x23,0x19,0xf4,0xcf,0x41,0xf8,0x56,0x87,0x19,0x6c,0xab,0x1d,0xa5,0xa3,0x93,0x03,0x3b,0x77,0xf2,0xa3,0xdb,0x8e,0x3f,0xcf,0x14,0xfd,0xe3,0x08,0xf9,0xc0,0xc9,0x00,0xaf,0x46,0x1d,0x3f,0xc4,0xff,0x00,0x91,0x51,0xa6,0x14,0x2a,0x47,0x16,0x1c,0x13,0xf3,0xc6,0x3c,0xc1,0x9f,0xae,0x78,0xe3,0x02,0x94,0xef,0x11,0x95,0xdd,0x2a,0x0d,0xb8,0x18,0xe4,0x80,0x3d,0xfb,0x73,0xfe,0x79,0xa9,0x2a,0xc2,0x48,0x19,0x08,0x25,0x18,0xb8,0x62,0x41,0x24,0x31,0xe3,0x3e,0xe0,0x7b,0x9a,0x7a,0xb9,0x91,0x64,0x59,0x9d,0x76,0x6c,0xdd,0x99,0x07,0x73,0x83,0xd3,0xbf,0x61,0xfe,0x14,0xc0,0x51,0x98,0x0f,0x33,0xe6,0x93,0x39,0x23,0xa3,0x9c,0x70,0x79,0xea,0x33,0xdb,0x03,0xf0,0xa7,0x09,0x43,0x16,0x52,0x24,0x24,0x64,0xab,0x32,0x63,0x9e,0xd9,0xfd,0x70,0x06,0x45,0x00,0x34,0x17,0x08,0x76,0xb8,0xf3,0x32,0x06,0x09,0x03,0x24,0xf2,0x3b,0x64,0x75,0xcf,0xf9,0xc5,0x24,0x6a,0x8a,0x80,0xee,0x0a,0x17,0x38,0x5e,0x71,0xd3,0xa9,0x03,0x81,0xdb,0xd3,0xfa,0x53,0x71,0x14,0x84,0xa6,0x43,0x29,0x1f,0x36,0xe6,0x3d,0x48,0xec,0x30,0x3f,0x32,0x0f,0xd2,0x89,0x0b,0xb4,0xc2,0x47,0x52,0xd2,0x6d,0xd8,0x57,0x1b,0xb6,0x0c,0xf4,0xc8,0xe8,0x71,0xc6,0x07,0xa7,0x34,0x31,0x9f,0xff,0xd9,0x00,0x00};
                          ^
../src/main.cc:240:16: note: previous declaration as 'u8* to_read'
         byte * to_read = rgbRead+skip;
                ^
make: *** [src/main.o] Error 1
20:25:11 **** Auto Build of configuration Debug for project test2 ****
make all 
'Building file: ../src/main.cc'
'Invoking: MicroBlaze g++ compiler'
mb-g++ -Wall -O0 -g3 -c -fmessage-length=0 -MT"src/main.o" -I../../test2_bsp/microblaze_0/include -mno-xl-reorder -mlittle-endian -mxl-barrel-shift -mno-xl-soft-div -mcpu=v9.6 -mno-xl-soft-mul -mhard-float -Wl,--no-relax -MMD -MP -MF"src/main.d" -MT"src/main.o" -o "src/main.o" "../src/main.cc"
../src/main.cc: In function 'void DemoRun()':
../src/main.cc:249:6: error: redeclaration of 'int to_read_i'
  int to_read_i;
      ^
../src/main.cc:245:13: note: 'int to_read_i' previously declared here
         int to_read_i;
             ^
make: *** [src/main.o] Error 1
20:25:23 **** Auto Build of configuration Debug for project test2 ****
make all 
'Building file: ../src/main.cc'
'Invoking: MicroBlaze g++ compiler'
mb-g++ -Wall -O0 -g3 -c -fmessage-length=0 -MT"src/main.o" -I../../test2_bsp/microblaze_0/include -mno-xl-reorder -mlittle-endian -mxl-barrel-shift -mno-xl-soft-div -mcpu=v9.6 -mno-xl-soft-mul -mhard-float -Wl,--no-relax -MMD -MP -MF"src/main.d" -MT"src/main.o" -o "src/main.o" "../src/main.cc"
'Finished building: ../src/main.cc'
' '
'Building target: test2.elf'
'Invoking: MicroBlaze g++ linker'
mb-g++ -Wl,-T -Wl,../src/lscript.ld -L../../test2_bsp/microblaze_0/lib -mlittle-endian -mxl-barrel-shift -mno-xl-soft-div -mcpu=v9.6 -mno-xl-soft-mul -mhard-float -Wl,--no-relax -o "test2.elf"  ./src/main.o   -Wl,--start-group,-lxil,-lgcc,-lc,-lstdc++,--end-group
'Finished building target: test2.elf'
' '
'Invoking: MicroBlaze Print Size'
mb-size test2.elf  |tee "test2.elf.size"
   text	   data	    bss	    dec	    hex	filename
 260552	   8548	  20420	 289520	  46af0	test2.elf
'Finished building: test2.elf.size'
' '
20:25:32 **** Incremental Build of configuration Debug for project test2 ****
make all 
make: Nothing to be done for `all'.
20:25:34 **** Incremental Build of configuration Debug for project test ****
make all 
make: Nothing to be done for `all'.
20:35:50 **** Auto Build of configuration Debug for project test2 ****
make all 
'Building file: ../src/main.cc'
'Invoking: MicroBlaze g++ compiler'
mb-g++ -Wall -O0 -g3 -c -fmessage-length=0 -MT"src/main.o" -I../../test2_bsp/microblaze_0/include -mno-xl-reorder -mlittle-endian -mxl-barrel-shift -mno-xl-soft-div -mcpu=v9.6 -mno-xl-soft-mul -mhard-float -Wl,--no-relax -MMD -MP -MF"src/main.d" -MT"src/main.o" -o "src/main.o" "../src/main.cc"
'Finished building: ../src/main.cc'
' '
'Building target: test2.elf'
'Invoking: MicroBlaze g++ linker'
mb-g++ -Wl,-T -Wl,../src/lscript.ld -L../../test2_bsp/microblaze_0/lib -mlittle-endian -mxl-barrel-shift -mno-xl-soft-div -mcpu=v9.6 -mno-xl-soft-mul -mhard-float -Wl,--no-relax -o "test2.elf"  ./src/main.o   -Wl,--start-group,-lxil,-lgcc,-lc,-lstdc++,--end-group
'Finished building target: test2.elf'
' '
'Invoking: MicroBlaze Print Size'
mb-size test2.elf  |tee "test2.elf.size"
   text	   data	    bss	    dec	    hex	filename
 260552	   8548	  20420	 289520	  46af0	test2.elf
'Finished building: test2.elf.size'
' '
20:35:54 **** Incremental Build of configuration Debug for project test2 ****
make all 
make: Nothing to be done for `all'.
20:35:56 **** Incremental Build of configuration Debug for project test ****
make all 
make: Nothing to be done for `all'.
20:38:35 **** Incremental Build of configuration Debug for project test2 ****
make all 
make: Nothing to be done for `all'.
20:38:37 **** Incremental Build of configuration Debug for project test ****
make all 
make: Nothing to be done for `all'.
20:39:02 **** Incremental Build of configuration Debug for project test2 ****
make all 
make: Nothing to be done for `all'.
20:39:04 **** Incremental Build of configuration Debug for project test ****
make all 
make: Nothing to be done for `all'.
20:46:58 **** Auto Build of configuration Debug for project test2 ****
make all 
'Building file: ../src/main.cc'
'Invoking: MicroBlaze g++ compiler'
mb-g++ -Wall -O0 -g3 -c -fmessage-length=0 -MT"src/main.o" -I../../test2_bsp/microblaze_0/include -mno-xl-reorder -mlittle-endian -mxl-barrel-shift -mno-xl-soft-div -mcpu=v9.6 -mno-xl-soft-mul -mhard-float -Wl,--no-relax -MMD -MP -MF"src/main.d" -MT"src/main.o" -o "src/main.o" "../src/main.cc"
'Finished building: ../src/main.cc'
' '
'Building target: test2.elf'
'Invoking: MicroBlaze g++ linker'
mb-g++ -Wl,-T -Wl,../src/lscript.ld -L../../test2_bsp/microblaze_0/lib -mlittle-endian -mxl-barrel-shift -mno-xl-soft-div -mcpu=v9.6 -mno-xl-soft-mul -mhard-float -Wl,--no-relax -o "test2.elf"  ./src/main.o   -Wl,--start-group,-lxil,-lgcc,-lc,-lstdc++,--end-group
'Finished building target: test2.elf'
' '
'Invoking: MicroBlaze Print Size'
mb-size test2.elf  |tee "test2.elf.size"
   text	   data	    bss	    dec	    hex	filename
 260548	   8548	  20416	 289512	  46ae8	test2.elf
'Finished building: test2.elf.size'
' '
20:47:07 **** Incremental Build of configuration Debug for project test2 ****
make all 
make: Nothing to be done for `all'.
20:47:09 **** Incremental Build of configuration Debug for project test ****
make all 
make: Nothing to be done for `all'.
20:49:58 **** Incremental Build of configuration Debug for project test2 ****
make all 
make: Nothing to be done for `all'.
20:50:00 **** Incremental Build of configuration Debug for project test ****
make all 
make: Nothing to be done for `all'.
20:56:32 **** Auto Build of configuration Debug for project test2 ****
make all 
'Building file: ../src/main.cc'
'Invoking: MicroBlaze g++ compiler'
mb-g++ -Wall -O0 -g3 -c -fmessage-length=0 -MT"src/main.o" -I../../test2_bsp/microblaze_0/include -mno-xl-reorder -mlittle-endian -mxl-barrel-shift -mno-xl-soft-div -mcpu=v9.6 -mno-xl-soft-mul -mhard-float -Wl,--no-relax -MMD -MP -MF"src/main.d" -MT"src/main.o" -o "src/main.o" "../src/main.cc"
'Finished building: ../src/main.cc'
' '
'Building target: test2.elf'
'Invoking: MicroBlaze g++ linker'
mb-g++ -Wl,-T -Wl,../src/lscript.ld -L../../test2_bsp/microblaze_0/lib -mlittle-endian -mxl-barrel-shift -mno-xl-soft-div -mcpu=v9.6 -mno-xl-soft-mul -mhard-float -Wl,--no-relax -o "test2.elf"  ./src/main.o   -Wl,--start-group,-lxil,-lgcc,-lc,-lstdc++,--end-group
'Finished building target: test2.elf'
' '
'Invoking: MicroBlaze Print Size'
mb-size test2.elf  |tee "test2.elf.size"
   text	   data	    bss	    dec	    hex	filename
 294876	   8092	  19184	 322152	  4ea68	test2.elf
'Finished building: test2.elf.size'
' '
20:56:53 **** Incremental Build of configuration Debug for project test2 ****
make all 
make: Nothing to be done for `all'.
20:56:55 **** Incremental Build of configuration Debug for project test ****
make all 
make: Nothing to be done for `all'.
09:15:48 **** Auto Build of configuration Debug for project test2 ****
make all 
Building file: ../src/main.cc
Invoking: MicroBlaze g++ compiler
mb-g++ -Wall -O0 -g3 -c -fmessage-length=0 -MT"src/main.o" -I../../test2_bsp/microblaze_0/include -mno-xl-reorder -mlittle-endian -mxl-barrel-shift -mno-xl-soft-div -mcpu=v9.6 -mno-xl-soft-mul -mhard-float -Wl,--no-relax -MMD -MP -MF"src/main.d" -MT"src/main.o" -o "src/main.o" "../src/main.cc"
../src/main.cc: In function 'void DemoRun()':
../src/main.cc:257:59: error: expected primary-expression before ')' token
          (last_3 &&(0xFFF000000&to_read_i)==0xFD900000) ||)
                                                           ^
make: *** [src/main.o] Error 1
09:16:04 **** Auto Build of configuration Debug for project test2 ****
make all 
Building file: ../src/main.cc
Invoking: MicroBlaze g++ compiler
mb-g++ -Wall -O0 -g3 -c -fmessage-length=0 -MT"src/main.o" -I../../test2_bsp/microblaze_0/include -mno-xl-reorder -mlittle-endian -mxl-barrel-shift -mno-xl-soft-div -mcpu=v9.6 -mno-xl-soft-mul -mhard-float -Wl,--no-relax -MMD -MP -MF"src/main.d" -MT"src/main.o" -o "src/main.o" "../src/main.cc"
Finished building: ../src/main.cc
 
Building target: test2.elf
Invoking: MicroBlaze g++ linker
mb-g++ -Wl,-T -Wl,../src/lscript.ld -L../../test2_bsp/microblaze_0/lib -mlittle-endian -mxl-barrel-shift -mno-xl-soft-div -mcpu=v9.6 -mno-xl-soft-mul -mhard-float -Wl,--no-relax -o "test2.elf"  ./src/main.o   -Wl,--start-group,-lxil,-lgcc,-lc,-lstdc++,--end-group
Finished building target: test2.elf
 
Invoking: MicroBlaze Print Size
mb-size test2.elf  |tee "test2.elf.size"
   text	   data	    bss	    dec	    hex	filename
 260588	   8548	  20416	 289552	  46b10	test2.elf
Finished building: test2.elf.size
 
10:13:31 **** Incremental Build of configuration Debug for project test2 ****
make all 
make: Nothing to be done for `all'.
10:13:32 **** Incremental Build of configuration Debug for project test ****
make all 
make: Nothing to be done for `all'.
10:14:01 **** Incremental Build of configuration Debug for project test2 ****
make all 
make: Nothing to be done for `all'.
10:14:01 **** Incremental Build of configuration Debug for project test ****
make all 
make: Nothing to be done for `all'.
10:14:32 **** Incremental Build of configuration Debug for project test2 ****
make all 
make: Nothing to be done for `all'.
10:14:33 **** Incremental Build of configuration Debug for project test ****
make all 
make: Nothing to be done for `all'.
11:14:37 **** Auto Build of configuration Debug for project test2 ****
make all 
make: Nothing to be done for `all'.
11:14:38 **** Auto Build of configuration Debug for project test ****
make all 
make: Nothing to be done for `all'.
11:15:09 **** Incremental Build of configuration Debug for project test2 ****
make all 
make: Nothing to be done for `all'.
11:15:11 **** Incremental Build of configuration Debug for project test ****
make all 
make: Nothing to be done for `all'.
11:15:47 **** Incremental Build of configuration Debug for project test2 ****
make all 
make: Nothing to be done for `all'.
11:15:48 **** Incremental Build of configuration Debug for project test ****
make all 
make: Nothing to be done for `all'.
11:15:55 **** Incremental Build of configuration Debug for project test2 ****
make all 
make: Nothing to be done for `all'.
11:15:55 **** Incremental Build of configuration Debug for project test ****
make all 
make: Nothing to be done for `all'.
11:19:37 **** Auto Build of configuration Debug for project test2 ****
make all 
'Building file: ../src/main.cc'
'Invoking: MicroBlaze g++ compiler'
mb-g++ -Wall -O0 -g3 -c -fmessage-length=0 -MT"src/main.o" -I../../test2_bsp/microblaze_0/include -mno-xl-reorder -mlittle-endian -mxl-barrel-shift -mno-xl-soft-div -mcpu=v9.6 -mno-xl-soft-mul -mhard-float -Wl,--no-relax -MMD -MP -MF"src/main.d" -MT"src/main.o" -o "src/main.o" "../src/main.cc"
'Finished building: ../src/main.cc'
' '
'Building target: test2.elf'
'Invoking: MicroBlaze g++ linker'
mb-g++ -Wl,-T -Wl,../src/lscript.ld -L../../test2_bsp/microblaze_0/lib -mlittle-endian -mxl-barrel-shift -mno-xl-soft-div -mcpu=v9.6 -mno-xl-soft-mul -mhard-float -Wl,--no-relax -o "test2.elf"  ./src/main.o   -Wl,--start-group,-lxil,-lgcc,-lc,-lstdc++,--end-group
'Finished building target: test2.elf'
' '
'Invoking: MicroBlaze Print Size'
mb-size test2.elf  |tee "test2.elf.size"
   text	   data	    bss	    dec	    hex	filename
 260620	   8548	  20416	 289584	  46b30	test2.elf
'Finished building: test2.elf.size'
' '
11:19:49 **** Auto Build of configuration Debug for project test2 ****
make all 
'Building file: ../src/main.cc'
'Invoking: MicroBlaze g++ compiler'
mb-g++ -Wall -O0 -g3 -c -fmessage-length=0 -MT"src/main.o" -I../../test2_bsp/microblaze_0/include -mno-xl-reorder -mlittle-endian -mxl-barrel-shift -mno-xl-soft-div -mcpu=v9.6 -mno-xl-soft-mul -mhard-float -Wl,--no-relax -MMD -MP -MF"src/main.d" -MT"src/main.o" -o "src/main.o" "../src/main.cc"
'Finished building: ../src/main.cc'
' '
'Building target: test2.elf'
'Invoking: MicroBlaze g++ linker'
mb-g++ -Wl,-T -Wl,../src/lscript.ld -L../../test2_bsp/microblaze_0/lib -mlittle-endian -mxl-barrel-shift -mno-xl-soft-div -mcpu=v9.6 -mno-xl-soft-mul -mhard-float -Wl,--no-relax -o "test2.elf"  ./src/main.o   -Wl,--start-group,-lxil,-lgcc,-lc,-lstdc++,--end-group
'Finished building target: test2.elf'
' '
'Invoking: MicroBlaze Print Size'
mb-size test2.elf  |tee "test2.elf.size"
   text	   data	    bss	    dec	    hex	filename
 260624	   8548	  20420	 289592	  46b38	test2.elf
'Finished building: test2.elf.size'
' '
11:20:33 **** Auto Build of configuration Debug for project test2 ****
make all 
'Building file: ../src/main.cc'
'Invoking: MicroBlaze g++ compiler'
mb-g++ -Wall -O0 -g3 -c -fmessage-length=0 -MT"src/main.o" -I../../test2_bsp/microblaze_0/include -mno-xl-reorder -mlittle-endian -mxl-barrel-shift -mno-xl-soft-div -mcpu=v9.6 -mno-xl-soft-mul -mhard-float -Wl,--no-relax -MMD -MP -MF"src/main.d" -MT"src/main.o" -o "src/main.o" "../src/main.cc"
'Finished building: ../src/main.cc'
' '
'Building target: test2.elf'
'Invoking: MicroBlaze g++ linker'
mb-g++ -Wl,-T -Wl,../src/lscript.ld -L../../test2_bsp/microblaze_0/lib -mlittle-endian -mxl-barrel-shift -mno-xl-soft-div -mcpu=v9.6 -mno-xl-soft-mul -mhard-float -Wl,--no-relax -o "test2.elf"  ./src/main.o   -Wl,--start-group,-lxil,-lgcc,-lc,-lstdc++,--end-group
'Finished building target: test2.elf'
' '
'Invoking: MicroBlaze Print Size'
mb-size test2.elf  |tee "test2.elf.size"
   text	   data	    bss	    dec	    hex	filename
 260624	   8548	  20420	 289592	  46b38	test2.elf
'Finished building: test2.elf.size'
' '
11:20:47 **** Auto Build of configuration Debug for project test2 ****
make all 
'Building file: ../src/main.cc'
'Invoking: MicroBlaze g++ compiler'
mb-g++ -Wall -O0 -g3 -c -fmessage-length=0 -MT"src/main.o" -I../../test2_bsp/microblaze_0/include -mno-xl-reorder -mlittle-endian -mxl-barrel-shift -mno-xl-soft-div -mcpu=v9.6 -mno-xl-soft-mul -mhard-float -Wl,--no-relax -MMD -MP -MF"src/main.d" -MT"src/main.o" -o "src/main.o" "../src/main.cc"
'Finished building: ../src/main.cc'
' '
'Building target: test2.elf'
'Invoking: MicroBlaze g++ linker'
mb-g++ -Wl,-T -Wl,../src/lscript.ld -L../../test2_bsp/microblaze_0/lib -mlittle-endian -mxl-barrel-shift -mno-xl-soft-div -mcpu=v9.6 -mno-xl-soft-mul -mhard-float -Wl,--no-relax -o "test2.elf"  ./src/main.o   -Wl,--start-group,-lxil,-lgcc,-lc,-lstdc++,--end-group
'Finished building target: test2.elf'
' '
'Invoking: MicroBlaze Print Size'
mb-size test2.elf  |tee "test2.elf.size"
   text	   data	    bss	    dec	    hex	filename
 260628	   8548	  20416	 289592	  46b38	test2.elf
'Finished building: test2.elf.size'
' '
11:20:50 **** Incremental Build of configuration Debug for project test2 ****
make all 
make: Nothing to be done for `all'.
11:20:51 **** Incremental Build of configuration Debug for project test ****
make all 
make: Nothing to be done for `all'.
11:25:04 **** Auto Build of configuration Debug for project test2 ****
make all 
'Building file: ../src/main.cc'
'Invoking: MicroBlaze g++ compiler'
mb-g++ -Wall -O0 -g3 -c -fmessage-length=0 -MT"src/main.o" -I../../test2_bsp/microblaze_0/include -mno-xl-reorder -mlittle-endian -mxl-barrel-shift -mno-xl-soft-div -mcpu=v9.6 -mno-xl-soft-mul -mhard-float -Wl,--no-relax -MMD -MP -MF"src/main.d" -MT"src/main.o" -o "src/main.o" "../src/main.cc"
'Finished building: ../src/main.cc'
' '
'Building target: test2.elf'
'Invoking: MicroBlaze g++ linker'
mb-g++ -Wl,-T -Wl,../src/lscript.ld -L../../test2_bsp/microblaze_0/lib -mlittle-endian -mxl-barrel-shift -mno-xl-soft-div -mcpu=v9.6 -mno-xl-soft-mul -mhard-float -Wl,--no-relax -o "test2.elf"  ./src/main.o   -Wl,--start-group,-lxil,-lgcc,-lc,-lstdc++,--end-group
'Finished building target: test2.elf'
' '
'Invoking: MicroBlaze Print Size'
mb-size test2.elf  |tee "test2.elf.size"
   text	   data	    bss	    dec	    hex	filename
 260820	   8548	  20416	 289784	  46bf8	test2.elf
'Finished building: test2.elf.size'
' '
11:25:24 **** Auto Build of configuration Debug for project test2 ****
make all 
'Building file: ../src/main.cc'
'Invoking: MicroBlaze g++ compiler'
mb-g++ -Wall -O0 -g3 -c -fmessage-length=0 -MT"src/main.o" -I../../test2_bsp/microblaze_0/include -mno-xl-reorder -mlittle-endian -mxl-barrel-shift -mno-xl-soft-div -mcpu=v9.6 -mno-xl-soft-mul -mhard-float -Wl,--no-relax -MMD -MP -MF"src/main.d" -MT"src/main.o" -o "src/main.o" "../src/main.cc"
'Finished building: ../src/main.cc'
' '
'Building target: test2.elf'
'Invoking: MicroBlaze g++ linker'
mb-g++ -Wl,-T -Wl,../src/lscript.ld -L../../test2_bsp/microblaze_0/lib -mlittle-endian -mxl-barrel-shift -mno-xl-soft-div -mcpu=v9.6 -mno-xl-soft-mul -mhard-float -Wl,--no-relax -o "test2.elf"  ./src/main.o   -Wl,--start-group,-lxil,-lgcc,-lc,-lstdc++,--end-group
'Finished building target: test2.elf'
' '
'Invoking: MicroBlaze Print Size'
mb-size test2.elf  |tee "test2.elf.size"
   text	   data	    bss	    dec	    hex	filename
 260820	   8548	  20416	 289784	  46bf8	test2.elf
'Finished building: test2.elf.size'
' '
11:25:38 **** Incremental Build of configuration Debug for project test2 ****
make all 
make: Nothing to be done for `all'.
11:25:39 **** Incremental Build of configuration Debug for project test ****
make all 
make: Nothing to be done for `all'.
11:25:44 **** Incremental Build of configuration Debug for project test2 ****
make all 
make: Nothing to be done for `all'.
11:25:44 **** Incremental Build of configuration Debug for project test ****
make all 
make: Nothing to be done for `all'.
11:34:13 **** Incremental Build of configuration Debug for project test2 ****
make all 
make: Nothing to be done for `all'.
11:34:14 **** Incremental Build of configuration Debug for project test ****
make all 
make: Nothing to be done for `all'.
11:40:23 **** Auto Build of configuration Debug for project test2 ****
make all 
'Building file: ../src/main.cc'
'Invoking: MicroBlaze g++ compiler'
mb-g++ -Wall -O0 -g3 -c -fmessage-length=0 -MT"src/main.o" -I../../test2_bsp/microblaze_0/include -mno-xl-reorder -mlittle-endian -mxl-barrel-shift -mno-xl-soft-div -mcpu=v9.6 -mno-xl-soft-mul -mhard-float -Wl,--no-relax -MMD -MP -MF"src/main.d" -MT"src/main.o" -o "src/main.o" "../src/main.cc"
'Finished building: ../src/main.cc'
' '
'Building target: test2.elf'
'Invoking: MicroBlaze g++ linker'
mb-g++ -Wl,-T -Wl,../src/lscript.ld -L../../test2_bsp/microblaze_0/lib -mlittle-endian -mxl-barrel-shift -mno-xl-soft-div -mcpu=v9.6 -mno-xl-soft-mul -mhard-float -Wl,--no-relax -o "test2.elf"  ./src/main.o   -Wl,--start-group,-lxil,-lgcc,-lc,-lstdc++,--end-group
'Finished building target: test2.elf'
' '
'Invoking: MicroBlaze Print Size'
mb-size test2.elf  |tee "test2.elf.size"
   text	   data	    bss	    dec	    hex	filename
 260820	   8548	  20416	 289784	  46bf8	test2.elf
'Finished building: test2.elf.size'
' '
16:32:41 **** Auto Build of configuration Debug for project test2 ****
make all 
'Building file: ../src/main.cc'
'Invoking: MicroBlaze g++ compiler'
mb-g++ -Wall -O0 -g3 -c -fmessage-length=0 -MT"src/main.o" -I../../test2_bsp/microblaze_0/include -mno-xl-reorder -mlittle-endian -mxl-barrel-shift -mno-xl-soft-div -mcpu=v9.6 -mno-xl-soft-mul -mhard-float -Wl,--no-relax -MMD -MP -MF"src/main.d" -MT"src/main.o" -o "src/main.o" "../src/main.cc"
'Finished building: ../src/main.cc'
' '
'Building target: test2.elf'
'Invoking: MicroBlaze g++ linker'
mb-g++ -Wl,-T -Wl,../src/lscript.ld -L../../test2_bsp/microblaze_0/lib -mlittle-endian -mxl-barrel-shift -mno-xl-soft-div -mcpu=v9.6 -mno-xl-soft-mul -mhard-float -Wl,--no-relax -o "test2.elf"  ./src/main.o   -Wl,--start-group,-lxil,-lgcc,-lc,-lstdc++,--end-group
'Finished building target: test2.elf'
' '
'Invoking: MicroBlaze Print Size'
mb-size test2.elf  |tee "test2.elf.size"
   text	   data	    bss	    dec	    hex	filename
 555780	   8092	  19184	 583056	  8e590	test2.elf
'Finished building: test2.elf.size'
' '
16:33:46 **** Incremental Build of configuration Debug for project test2 ****
make all 
make: Nothing to be done for `all'.
16:33:47 **** Incremental Build of configuration Debug for project test ****
make all 
make: Nothing to be done for `all'.
16:34:58 **** Incremental Build of configuration Debug for project test2 ****
make all 
make: Nothing to be done for `all'.
16:34:59 **** Incremental Build of configuration Debug for project test ****
make all 
make: Nothing to be done for `all'.
16:35:10 **** Incremental Build of configuration Debug for project test2 ****
make all 
make: Nothing to be done for `all'.
16:35:10 **** Incremental Build of configuration Debug for project test ****
make all 
make: Nothing to be done for `all'.
16:35:22 **** Auto Build of configuration Debug for project test2 ****
make all 
'Building file: ../src/main.cc'
'Invoking: MicroBlaze g++ compiler'
mb-g++ -Wall -O0 -g3 -c -fmessage-length=0 -MT"src/main.o" -I../../test2_bsp/microblaze_0/include -mno-xl-reorder -mlittle-endian -mxl-barrel-shift -mno-xl-soft-div -mcpu=v9.6 -mno-xl-soft-mul -mhard-float -Wl,--no-relax -MMD -MP -MF"src/main.d" -MT"src/main.o" -o "src/main.o" "../src/main.cc"
'Finished building: ../src/main.cc'
' '
'Building target: test2.elf'
'Invoking: MicroBlaze g++ linker'
mb-g++ -Wl,-T -Wl,../src/lscript.ld -L../../test2_bsp/microblaze_0/lib -mlittle-endian -mxl-barrel-shift -mno-xl-soft-div -mcpu=v9.6 -mno-xl-soft-mul -mhard-float -Wl,--no-relax -o "test2.elf"  ./src/main.o   -Wl,--start-group,-lxil,-lgcc,-lc,-lstdc++,--end-group
'Finished building target: test2.elf'
' '
'Invoking: MicroBlaze Print Size'
mb-size test2.elf  |tee "test2.elf.size"
   text	   data	    bss	    dec	    hex	filename
 555780	   8092	  19184	 583056	  8e590	test2.elf
'Finished building: test2.elf.size'
' '
16:35:39 **** Incremental Build of configuration Debug for project test2 ****
make all 
make: Nothing to be done for `all'.
16:35:39 **** Incremental Build of configuration Debug for project test ****
make all 
make: Nothing to be done for `all'.
16:38:07 **** Auto Build of configuration Debug for project test2 ****
make all 
'Building file: ../src/main.cc'
'Invoking: MicroBlaze g++ compiler'
mb-g++ -Wall -O0 -g3 -c -fmessage-length=0 -MT"src/main.o" -I../../test2_bsp/microblaze_0/include -mno-xl-reorder -mlittle-endian -mxl-barrel-shift -mno-xl-soft-div -mcpu=v9.6 -mno-xl-soft-mul -mhard-float -Wl,--no-relax -MMD -MP -MF"src/main.d" -MT"src/main.o" -o "src/main.o" "../src/main.cc"
'Finished building: ../src/main.cc'
' '
'Building target: test2.elf'
'Invoking: MicroBlaze g++ linker'
mb-g++ -Wl,-T -Wl,../src/lscript.ld -L../../test2_bsp/microblaze_0/lib -mlittle-endian -mxl-barrel-shift -mno-xl-soft-div -mcpu=v9.6 -mno-xl-soft-mul -mhard-float -Wl,--no-relax -o "test2.elf"  ./src/main.o   -Wl,--start-group,-lxil,-lgcc,-lc,-lstdc++,--end-group
'Finished building target: test2.elf'
' '
'Invoking: MicroBlaze Print Size'
mb-size test2.elf  |tee "test2.elf.size"
   text	   data	    bss	    dec	    hex	filename
 555744	   8092	  19180	 583016	  8e568	test2.elf
'Finished building: test2.elf.size'
' '
16:38:11 **** Incremental Build of configuration Debug for project test2 ****
make all 
make: Nothing to be done for `all'.
16:38:12 **** Incremental Build of configuration Debug for project test ****
make all 
make: Nothing to be done for `all'.
16:38:36 **** Auto Build of configuration Debug for project test2 ****
make all 
'Building file: ../src/main.cc'
'Invoking: MicroBlaze g++ compiler'
mb-g++ -Wall -O0 -g3 -c -fmessage-length=0 -MT"src/main.o" -I../../test2_bsp/microblaze_0/include -mno-xl-reorder -mlittle-endian -mxl-barrel-shift -mno-xl-soft-div -mcpu=v9.6 -mno-xl-soft-mul -mhard-float -Wl,--no-relax -MMD -MP -MF"src/main.d" -MT"src/main.o" -o "src/main.o" "../src/main.cc"
'Finished building: ../src/main.cc'
' '
'Building target: test2.elf'
'Invoking: MicroBlaze g++ linker'
mb-g++ -Wl,-T -Wl,../src/lscript.ld -L../../test2_bsp/microblaze_0/lib -mlittle-endian -mxl-barrel-shift -mno-xl-soft-div -mcpu=v9.6 -mno-xl-soft-mul -mhard-float -Wl,--no-relax -o "test2.elf"  ./src/main.o   -Wl,--start-group,-lxil,-lgcc,-lc,-lstdc++,--end-group
'Finished building target: test2.elf'
' '
'Invoking: MicroBlaze Print Size'
mb-size test2.elf  |tee "test2.elf.size"
   text	   data	    bss	    dec	    hex	filename
 555716	   8048	  19180	 582944	  8e520	test2.elf
'Finished building: test2.elf.size'
' '
16:38:39 **** Incremental Build of configuration Debug for project test2 ****
make all 
make: Nothing to be done for `all'.
16:38:40 **** Incremental Build of configuration Debug for project test ****
make all 
make: Nothing to be done for `all'.
16:39:36 **** Incremental Build of configuration Debug for project test2 ****
make all 
make: Nothing to be done for `all'.
16:39:36 **** Incremental Build of configuration Debug for project test ****
make all 
make: Nothing to be done for `all'.
16:40:26 **** Auto Build of configuration Debug for project test2 ****
make all 
'Building file: ../src/main.cc'
'Invoking: MicroBlaze g++ compiler'
mb-g++ -Wall -O0 -g3 -c -fmessage-length=0 -MT"src/main.o" -I../../test2_bsp/microblaze_0/include -mno-xl-reorder -mlittle-endian -mxl-barrel-shift -mno-xl-soft-div -mcpu=v9.6 -mno-xl-soft-mul -mhard-float -Wl,--no-relax -MMD -MP -MF"src/main.d" -MT"src/main.o" -o "src/main.o" "../src/main.cc"
'Finished building: ../src/main.cc'
' '
'Building target: test2.elf'
'Invoking: MicroBlaze g++ linker'
mb-g++ -Wl,-T -Wl,../src/lscript.ld -L../../test2_bsp/microblaze_0/lib -mlittle-endian -mxl-barrel-shift -mno-xl-soft-div -mcpu=v9.6 -mno-xl-soft-mul -mhard-float -Wl,--no-relax -o "test2.elf"  ./src/main.o   -Wl,--start-group,-lxil,-lgcc,-lc,-lstdc++,--end-group
'Finished building target: test2.elf'
' '
'Invoking: MicroBlaze Print Size'
mb-size test2.elf  |tee "test2.elf.size"
   text	   data	    bss	    dec	    hex	filename
 555744	   8092	  19180	 583016	  8e568	test2.elf
'Finished building: test2.elf.size'
' '
16:40:31 **** Incremental Build of configuration Debug for project test2 ****
make all 
make: Nothing to be done for `all'.
16:40:31 **** Incremental Build of configuration Debug for project test ****
make all 
make: Nothing to be done for `all'.
16:42:52 **** Incremental Build of configuration Debug for project test2 ****
make all 
make: Nothing to be done for `all'.
16:42:52 **** Incremental Build of configuration Debug for project test ****
make all 
make: Nothing to be done for `all'.
16:49:32 **** Incremental Build of configuration Debug for project test2 ****
make all 
make: Nothing to be done for `all'.
16:49:32 **** Incremental Build of configuration Debug for project test ****
make all 
make: Nothing to be done for `all'.
16:49:52 **** Incremental Build of configuration Debug for project test2 ****
make all 
make: Nothing to be done for `all'.
16:49:53 **** Incremental Build of configuration Debug for project test ****
make all 
make: Nothing to be done for `all'.
16:50:23 **** Incremental Build of configuration Debug for project test2 ****
make all 
make: Nothing to be done for `all'.
16:50:24 **** Incremental Build of configuration Debug for project test ****
make all 
make: Nothing to be done for `all'.
16:51:04 **** Incremental Build of configuration Debug for project test2 ****
make all 
make: Nothing to be done for `all'.
16:51:04 **** Incremental Build of configuration Debug for project test ****
make all 
make: Nothing to be done for `all'.
16:51:27 **** Incremental Build of configuration Debug for project test2 ****
make all 
make: Nothing to be done for `all'.
16:51:27 **** Incremental Build of configuration Debug for project test ****
make all 
make: Nothing to be done for `all'.
16:52:11 **** Auto Build of configuration Debug for project test2 ****
make all 
'Building file: ../src/main.cc'
'Invoking: MicroBlaze g++ compiler'
mb-g++ -Wall -O0 -g3 -c -fmessage-length=0 -MT"src/main.o" -I../../test2_bsp/microblaze_0/include -mno-xl-reorder -mlittle-endian -mxl-barrel-shift -mno-xl-soft-div -mcpu=v9.6 -mno-xl-soft-mul -mhard-float -Wl,--no-relax -MMD -MP -MF"src/main.d" -MT"src/main.o" -o "src/main.o" "../src/main.cc"
'Finished building: ../src/main.cc'
' '
'Building target: test2.elf'
'Invoking: MicroBlaze g++ linker'
mb-g++ -Wl,-T -Wl,../src/lscript.ld -L../../test2_bsp/microblaze_0/lib -mlittle-endian -mxl-barrel-shift -mno-xl-soft-div -mcpu=v9.6 -mno-xl-soft-mul -mhard-float -Wl,--no-relax -o "test2.elf"  ./src/main.o   -Wl,--start-group,-lxil,-lgcc,-lc,-lstdc++,--end-group
'Finished building target: test2.elf'
' '
'Invoking: MicroBlaze Print Size'
mb-size test2.elf  |tee "test2.elf.size"
   text	   data	    bss	    dec	    hex	filename
 260820	   8548	  20416	 289784	  46bf8	test2.elf
'Finished building: test2.elf.size'
' '
16:10:16 **** Auto Build of project test2_bsp ****
make -k all 
"Running Make include in microblaze_0/libsrc/bram_v4_1/src"
make -C microblaze_0/libsrc/bram_v4_1/src -s include  "SHELL=CMD" "COMPILER=mb-gcc" "ARCHIVER=mb-ar" "COMPILER_FLAGS= -O2 -c -mcpu=v9.6 -mhard-float -mlittle-endian -mno-xl-reorder -mno-xl-soft-div -mno-xl-soft-mul -mxl-barrel-shift" "EXTRA_COMPILER_FLAGS=-g"
"Running Make include in microblaze_0/libsrc/cpu_v2_5/src"
make -C microblaze_0/libsrc/cpu_v2_5/src -s include  "SHELL=CMD" "COMPILER=mb-gcc" "ARCHIVER=mb-ar" "COMPILER_FLAGS= -O2 -c -mcpu=v9.6 -mhard-float -mlittle-endian -mno-xl-reorder -mno-xl-soft-div -mno-xl-soft-mul -mxl-barrel-shift" "EXTRA_COMPILER_FLAGS=-g"
"Running Make include in microblaze_0/libsrc/intc_v3_5/src"
make -C microblaze_0/libsrc/intc_v3_5/src -s include  "SHELL=CMD" "COMPILER=mb-gcc" "ARCHIVER=mb-ar" "COMPILER_FLAGS= -O2 -c -mcpu=v9.6 -mhard-float -mlittle-endian -mno-xl-reorder -mno-xl-soft-div -mno-xl-soft-mul -mxl-barrel-shift" "EXTRA_COMPILER_FLAGS=-g"
"Running Make include in microblaze_0/libsrc/PmodWIFI_v1_0/src"
make -C microblaze_0/libsrc/PmodWIFI_v1_0/src -s include  "SHELL=CMD" "COMPILER=mb-gcc" "ARCHIVER=mb-ar" "COMPILER_FLAGS= -O2 -c -mcpu=v9.6 -mhard-float -mlittle-endian -mno-xl-reorder -mno-xl-soft-div -mno-xl-soft-mul -mxl-barrel-shift" "EXTRA_COMPILER_FLAGS=-g"
"Running Make include in microblaze_0/libsrc/standalone_v5_5/src"
make -C microblaze_0/libsrc/standalone_v5_5/src -s include  "SHELL=CMD" "COMPILER=mb-gcc" "ARCHIVER=mb-ar" "COMPILER_FLAGS= -O2 -c -mcpu=v9.6 -mhard-float -mlittle-endian -mno-xl-reorder -mno-xl-soft-div -mno-xl-soft-mul -mxl-barrel-shift" "EXTRA_COMPILER_FLAGS=-g"
"Running Make include in microblaze_0/libsrc/uartlite_v3_2/src"
make -C microblaze_0/libsrc/uartlite_v3_2/src -s include  "SHELL=CMD" "COMPILER=mb-gcc" "ARCHIVER=mb-ar" "COMPILER_FLAGS= -O2 -c -mcpu=v9.6 -mhard-float -mlittle-endian -mno-xl-reorder -mno-xl-soft-div -mno-xl-soft-mul -mxl-barrel-shift" "EXTRA_COMPILER_FLAGS=-g"
"Running Make libs in microblaze_0/libsrc/bram_v4_1/src"
make -C microblaze_0/libsrc/bram_v4_1/src -s libs  "SHELL=CMD" "COMPILER=mb-gcc" "ARCHIVER=mb-ar" "COMPILER_FLAGS= -O2 -c -mcpu=v9.6 -mhard-float -mlittle-endian -mno-xl-reorder -mno-xl-soft-div -mno-xl-soft-mul -mxl-barrel-shift" "EXTRA_COMPILER_FLAGS=-g"
"Compiling bram"
"Running Make libs in microblaze_0/libsrc/cpu_v2_5/src"
make -C microblaze_0/libsrc/cpu_v2_5/src -s libs  "SHELL=CMD" "COMPILER=mb-gcc" "ARCHIVER=mb-ar" "COMPILER_FLAGS= -O2 -c -mcpu=v9.6 -mhard-float -mlittle-endian -mno-xl-reorder -mno-xl-soft-div -mno-xl-soft-mul -mxl-barrel-shift" "EXTRA_COMPILER_FLAGS=-g"
"Compiling cpu"
"Running Make libs in microblaze_0/libsrc/intc_v3_5/src"
make -C microblaze_0/libsrc/intc_v3_5/src -s libs  "SHELL=CMD" "COMPILER=mb-gcc" "ARCHIVER=mb-ar" "COMPILER_FLAGS= -O2 -c -mcpu=v9.6 -mhard-float -mlittle-endian -mno-xl-reorder -mno-xl-soft-div -mno-xl-soft-mul -mxl-barrel-shift" "EXTRA_COMPILER_FLAGS=-g"
"Compiling intc"
"Running Make libs in microblaze_0/libsrc/PmodWIFI_v1_0/src"
make -C microblaze_0/libsrc/PmodWIFI_v1_0/src -s libs  "SHELL=CMD" "COMPILER=mb-gcc" "ARCHIVER=mb-ar" "COMPILER_FLAGS= -O2 -c -mcpu=v9.6 -mhard-float -mlittle-endian -mno-xl-reorder -mno-xl-soft-div -mno-xl-soft-mul -mxl-barrel-shift" "EXTRA_COMPILER_FLAGS=-g"
"Compiling PmodWIFI..."
"Running Make libs in microblaze_0/libsrc/standalone_v5_5/src"
make -C microblaze_0/libsrc/standalone_v5_5/src -s libs  "SHELL=CMD" "COMPILER=mb-gcc" "ARCHIVER=mb-ar" "COMPILER_FLAGS= -O2 -c -mcpu=v9.6 -mhard-float -mlittle-endian -mno-xl-reorder -mno-xl-soft-div -mno-xl-soft-mul -mxl-barrel-shift" "EXTRA_COMPILER_FLAGS=-g"
"Compiling standalone";
"Running Make libs in microblaze_0/libsrc/uartlite_v3_2/src"
make -C microblaze_0/libsrc/uartlite_v3_2/src -s libs  "SHELL=CMD" "COMPILER=mb-gcc" "ARCHIVER=mb-ar" "COMPILER_FLAGS= -O2 -c -mcpu=v9.6 -mhard-float -mlittle-endian -mno-xl-reorder -mno-xl-soft-div -mno-xl-soft-mul -mxl-barrel-shift" "EXTRA_COMPILER_FLAGS=-g"
"Compiling uartlite"
'Finished building libraries'
16:10:35 **** Auto Build of configuration Debug for project test2 ****
make all 
'Building file: ../src/main.cc'
'Invoking: MicroBlaze g++ compiler'
mb-g++ -Wall -O0 -g3 -c -fmessage-length=0 -MT"src/main.o" -I../../test2_bsp/microblaze_0/include -mno-xl-reorder -mlittle-endian -mxl-barrel-shift -mno-xl-soft-div -mcpu=v9.6 -mno-xl-soft-mul -mhard-float -Wl,--no-relax -MMD -MP -MF"src/main.d" -MT"src/main.o" -o "src/main.o" "../src/main.cc"
'Finished building: ../src/main.cc'
' '
'Building target: test2.elf'
'Invoking: MicroBlaze g++ linker'
mb-g++ -Wl,-T -Wl,../src/lscript.ld -L../../test2_bsp/microblaze_0/lib -mlittle-endian -mxl-barrel-shift -mno-xl-soft-div -mcpu=v9.6 -mno-xl-soft-mul -mhard-float -Wl,--no-relax -o "test2.elf"  ./src/main.o   -Wl,--start-group,-lxil,-lgcc,-lc,-lstdc++,--end-group
'Finished building target: test2.elf'
' '
'Invoking: MicroBlaze Print Size'
mb-size test2.elf  |tee "test2.elf.size"
   text	   data	    bss	    dec	    hex	filename
 260820	   8548	  20416	 289784	  46bf8	test2.elf
'Finished building: test2.elf.size'
' '
16:10:37 **** Auto Build of project test_bsp ****
make -k all 
"Running Make include in microblaze_0/libsrc/bram_v4_1/src"
make -C microblaze_0/libsrc/bram_v4_1/src -s include  "SHELL=CMD" "COMPILER=mb-gcc" "ARCHIVER=mb-ar" "COMPILER_FLAGS= -O2 -c -mcpu=v9.6 -mhard-float -mlittle-endian -mno-xl-reorder -mno-xl-soft-div -mno-xl-soft-mul -mxl-barrel-shift" "EXTRA_COMPILER_FLAGS=-g"
"Running Make include in microblaze_0/libsrc/cpu_v2_5/src"
make -C microblaze_0/libsrc/cpu_v2_5/src -s include  "SHELL=CMD" "COMPILER=mb-gcc" "ARCHIVER=mb-ar" "COMPILER_FLAGS= -O2 -c -mcpu=v9.6 -mhard-float -mlittle-endian -mno-xl-reorder -mno-xl-soft-div -mno-xl-soft-mul -mxl-barrel-shift" "EXTRA_COMPILER_FLAGS=-g"
"Running Make include in microblaze_0/libsrc/intc_v3_5/src"
make -C microblaze_0/libsrc/intc_v3_5/src -s include  "SHELL=CMD" "COMPILER=mb-gcc" "ARCHIVER=mb-ar" "COMPILER_FLAGS= -O2 -c -mcpu=v9.6 -mhard-float -mlittle-endian -mno-xl-reorder -mno-xl-soft-div -mno-xl-soft-mul -mxl-barrel-shift" "EXTRA_COMPILER_FLAGS=-g"
"Running Make include in microblaze_0/libsrc/PmodWIFI_v1_0/src"
make -C microblaze_0/libsrc/PmodWIFI_v1_0/src -s include  "SHELL=CMD" "COMPILER=mb-gcc" "ARCHIVER=mb-ar" "COMPILER_FLAGS= -O2 -c -mcpu=v9.6 -mhard-float -mlittle-endian -mno-xl-reorder -mno-xl-soft-div -mno-xl-soft-mul -mxl-barrel-shift" "EXTRA_COMPILER_FLAGS=-g"
"Running Make include in microblaze_0/libsrc/standalone_v5_5/src"
make -C microblaze_0/libsrc/standalone_v5_5/src -s include  "SHELL=CMD" "COMPILER=mb-gcc" "ARCHIVER=mb-ar" "COMPILER_FLAGS= -O2 -c -mcpu=v9.6 -mhard-float -mlittle-endian -mno-xl-reorder -mno-xl-soft-div -mno-xl-soft-mul -mxl-barrel-shift" "EXTRA_COMPILER_FLAGS=-g"
"Running Make include in microblaze_0/libsrc/uartlite_v3_2/src"
make -C microblaze_0/libsrc/uartlite_v3_2/src -s include  "SHELL=CMD" "COMPILER=mb-gcc" "ARCHIVER=mb-ar" "COMPILER_FLAGS= -O2 -c -mcpu=v9.6 -mhard-float -mlittle-endian -mno-xl-reorder -mno-xl-soft-div -mno-xl-soft-mul -mxl-barrel-shift" "EXTRA_COMPILER_FLAGS=-g"
"Running Make libs in microblaze_0/libsrc/bram_v4_1/src"
make -C microblaze_0/libsrc/bram_v4_1/src -s libs  "SHELL=CMD" "COMPILER=mb-gcc" "ARCHIVER=mb-ar" "COMPILER_FLAGS= -O2 -c -mcpu=v9.6 -mhard-float -mlittle-endian -mno-xl-reorder -mno-xl-soft-div -mno-xl-soft-mul -mxl-barrel-shift" "EXTRA_COMPILER_FLAGS=-g"
"Compiling bram"
"Running Make libs in microblaze_0/libsrc/cpu_v2_5/src"
make -C microblaze_0/libsrc/cpu_v2_5/src -s libs  "SHELL=CMD" "COMPILER=mb-gcc" "ARCHIVER=mb-ar" "COMPILER_FLAGS= -O2 -c -mcpu=v9.6 -mhard-float -mlittle-endian -mno-xl-reorder -mno-xl-soft-div -mno-xl-soft-mul -mxl-barrel-shift" "EXTRA_COMPILER_FLAGS=-g"
"Compiling cpu"
"Running Make libs in microblaze_0/libsrc/intc_v3_5/src"
make -C microblaze_0/libsrc/intc_v3_5/src -s libs  "SHELL=CMD" "COMPILER=mb-gcc" "ARCHIVER=mb-ar" "COMPILER_FLAGS= -O2 -c -mcpu=v9.6 -mhard-float -mlittle-endian -mno-xl-reorder -mno-xl-soft-div -mno-xl-soft-mul -mxl-barrel-shift" "EXTRA_COMPILER_FLAGS=-g"
"Compiling intc"
"Running Make libs in microblaze_0/libsrc/PmodWIFI_v1_0/src"
make -C microblaze_0/libsrc/PmodWIFI_v1_0/src -s libs  "SHELL=CMD" "COMPILER=mb-gcc" "ARCHIVER=mb-ar" "COMPILER_FLAGS= -O2 -c -mcpu=v9.6 -mhard-float -mlittle-endian -mno-xl-reorder -mno-xl-soft-div -mno-xl-soft-mul -mxl-barrel-shift" "EXTRA_COMPILER_FLAGS=-g"
"Compiling PmodWIFI..."
"Running Make libs in microblaze_0/libsrc/standalone_v5_5/src"
make -C microblaze_0/libsrc/standalone_v5_5/src -s libs  "SHELL=CMD" "COMPILER=mb-gcc" "ARCHIVER=mb-ar" "COMPILER_FLAGS= -O2 -c -mcpu=v9.6 -mhard-float -mlittle-endian -mno-xl-reorder -mno-xl-soft-div -mno-xl-soft-mul -mxl-barrel-shift" "EXTRA_COMPILER_FLAGS=-g"
"Compiling standalone";
"Running Make libs in microblaze_0/libsrc/uartlite_v3_2/src"
make -C microblaze_0/libsrc/uartlite_v3_2/src -s libs  "SHELL=CMD" "COMPILER=mb-gcc" "ARCHIVER=mb-ar" "COMPILER_FLAGS= -O2 -c -mcpu=v9.6 -mhard-float -mlittle-endian -mno-xl-reorder -mno-xl-soft-div -mno-xl-soft-mul -mxl-barrel-shift" "EXTRA_COMPILER_FLAGS=-g"
"Compiling uartlite"
'Finished building libraries'
16:10:50 **** Auto Build of configuration Debug for project test ****
make all 
'Building file: ../src/main.cc'
'Invoking: MicroBlaze g++ compiler'
mb-g++ -Wall -O0 -g3 -c -fmessage-length=0 -MT"src/main.o" -I../../test_bsp/microblaze_0/include -mno-xl-reorder -mlittle-endian -mxl-barrel-shift -mno-xl-soft-div -mcpu=v9.6 -mno-xl-soft-mul -mhard-float -Wl,--no-relax -MMD -MP -MF"src/main.d" -MT"src/main.o" -o "src/main.o" "../src/main.cc"
'Finished building: ../src/main.cc'
' '
'Building target: test.elf'
'Invoking: MicroBlaze g++ linker'
mb-g++ -Wl,-T -Wl,../src/lscript.ld -L../../test_bsp/microblaze_0/lib -mlittle-endian -mxl-barrel-shift -mno-xl-soft-div -mcpu=v9.6 -mno-xl-soft-mul -mhard-float -Wl,--no-relax -o "test.elf"  ./src/main.o   -Wl,--start-group,-lxil,-lgcc,-lc,-lstdc++,--end-group
'Finished building target: test.elf'
' '
'Invoking: MicroBlaze Print Size'
mb-size test.elf  |tee "test.elf.size"
   text	   data	    bss	    dec	    hex	filename
 271420	   8048	  19180	 298648	  48e98	test.elf
'Finished building: test.elf.size'
' '
