11:40:23 **** Auto Build of configuration Debug for project test2 ****
make all 
'Building file: ../src/main.cc'
'Invoking: MicroBlaze g++ compiler'
mb-g++ -Wall -O0 -g3 -c -fmessage-length=0 -MT"src/main.o" -I../../test2_bsp/microblaze_0/include -mno-xl-reorder -mlittle-endian -mxl-barrel-shift -mno-xl-soft-div -mcpu=v9.6 -mno-xl-soft-mul -mhard-float -Wl,--no-relax -MMD -MP -MF"src/main.d" -MT"src/main.o" -o "src/main.o" "../src/main.cc"
'Finished building: ../src/main.cc'
' '
'Building target: test2.elf'
'Invoking: MicroBlaze g++ linker'
mb-g++ -Wl,-T -Wl,../src/lscript.ld -L../../test2_bsp/microblaze_0/lib -mlittle-endian -mxl-barrel-shift -mno-xl-soft-div -mcpu=v9.6 -mno-xl-soft-mul -mhard-float -Wl,--no-relax -o "test2.elf"  ./src/main.o   -Wl,--start-group,-lxil,-lgcc,-lc,-lstdc++,--end-group
'Finished building target: test2.elf'
' '
'Invoking: MicroBlaze Print Size'
mb-size test2.elf  |tee "test2.elf.size"
   text	   data	    bss	    dec	    hex	filename
 260820	   8548	  20416	 289784	  46bf8	test2.elf
'Finished building: test2.elf.size'
' '

11:40:24 Build Finished (took 640ms)

