#-----------------------------------------------------------
# Webtalk v2016.2 (64-bit)
# SW Build 1577090 on Thu Jun  2 16:32:40 MDT 2016
# IP Build 1577682 on Fri Jun  3 12:00:54 MDT 2016
# Start of session at: Fri Mar 10 23:19:02 2017
# Process ID: 4660
# Current directory: C:/Users/Neil/Documents/Neil/EngSci/year_4_winter/ECE532/GrandTheftAuto/mjpeg/jpeg/jpeg.sim/sim_1/synth/func
# Command line: wbtcv.exe -mode batch -source C:/Users/Neil/Documents/Neil/EngSci/year_4_winter/ECE532/GrandTheftAuto/mjpeg/jpeg/jpeg.sim/sim_1/synth/func/xsim.dir/jpeg_testbench_func_synth/webtalk/xsim_webtalk.tcl -notrace
# Log file: C:/Users/Neil/Documents/Neil/EngSci/year_4_winter/ECE532/GrandTheftAuto/mjpeg/jpeg/jpeg.sim/sim_1/synth/func/webtalk.log
# Journal file: C:/Users/Neil/Documents/Neil/EngSci/year_4_winter/ECE532/GrandTheftAuto/mjpeg/jpeg/jpeg.sim/sim_1/synth/func\webtalk.jou
#-----------------------------------------------------------
source C:/Users/Neil/Documents/Neil/EngSci/year_4_winter/ECE532/GrandTheftAuto/mjpeg/jpeg/jpeg.sim/sim_1/synth/func/xsim.dir/jpeg_testbench_func_synth/webtalk/xsim_webtalk.tcl -notrace
