#-----------------------------------------------------------
# Vivado v2016.2 (64-bit)
# SW Build 1577090 on Thu Jun  2 16:32:40 MDT 2016
# IP Build 1577682 on Fri Jun  3 12:00:54 MDT 2016
# Start of session at: Tue Mar 07 20:10:56 2017
# Process ID: 9696
# Current directory: C:/Users/Neil/Documents/Neil/EngSci/year_4_winter/ECE532/GrandTheftAuto/mjpeg/jpeg
# Command line: vivado.exe -gui_launcher_event rodinguilauncherevent5760 C:\Users\Neil\Documents\Neil\EngSci\year_4_winter\ECE532\GrandTheftAuto\mjpeg\jpeg\jpeg.xpr
# Log file: C:/Users/Neil/Documents/Neil/EngSci/year_4_winter/ECE532/GrandTheftAuto/mjpeg/jpeg/vivado.log
# Journal file: C:/Users/Neil/Documents/Neil/EngSci/year_4_winter/ECE532/GrandTheftAuto/mjpeg/jpeg\vivado.jou
#-----------------------------------------------------------
start_gui
open_project C:/Users/Neil/Documents/Neil/EngSci/year_4_winter/ECE532/GrandTheftAuto/mjpeg/jpeg/jpeg.xpr
launch_simulation -mode post-synthesis -type functional
set_property -name {xsim.compile.xvhdl.more_options} -value {-cc clang} -objects [get_filesets sim_1]
launch_simulation -mode post-synthesis -type functional
set_property -name {xsim.elaborate.xelab.more_options} -value {-cc clang} -objects [get_filesets sim_1]
set_property -name {xsim.compile.xvhdl.more_options} -value {} -objects [get_filesets sim_1]
launch_simulation -mode post-synthesis -type functional
open_wave_config C:/Users/Neil/Documents/Neil/EngSci/year_4_winter/ECE532/GrandTheftAuto/mjpeg/jpeg/jpeg_testbench_func_synth.wcfg
source jpeg_testbench.tcl
run 10000 ns
run 10000 ns
save_wave_config {C:/Users/Neil/Documents/Neil/EngSci/year_4_winter/ECE532/GrandTheftAuto/mjpeg/jpeg/jpeg_testbench_func_synth.wcfg}
close_sim
launch_simulation -mode post-synthesis -type functional
open_wave_config C:/Users/Neil/Documents/Neil/EngSci/year_4_winter/ECE532/GrandTheftAuto/mjpeg/jpeg/jpeg_testbench_func_synth.wcfg
source jpeg_testbench.tcl
set_property -name {xsim.simulate.runtime} -value {50000ns} -objects [get_filesets sim_1]
run 50000 ns
close_sim
launch_simulation -mode post-synthesis -type functional
open_wave_config C:/Users/Neil/Documents/Neil/EngSci/year_4_winter/ECE532/GrandTheftAuto/mjpeg/jpeg/jpeg_testbench_func_synth.wcfg
source jpeg_testbench.tcl
set_property SOURCE_SET sources_1 [get_filesets sim_1]
import_files -fileset sim_1 -norecurse C:/Users/Neil/Documents/Neil/EngSci/year_4_winter/ECE532/GrandTheftAuto/mjpeg/jpeg_tb.jpg
close_sim
launch_simulation -mode post-synthesis -type functional
open_wave_config C:/Users/Neil/Documents/Neil/EngSci/year_4_winter/ECE532/GrandTheftAuto/mjpeg/jpeg/jpeg_testbench_func_synth.wcfg
source jpeg_testbench.tcl
run 150000 ns
save_wave_config {C:/Users/Neil/Documents/Neil/EngSci/year_4_winter/ECE532/GrandTheftAuto/mjpeg/jpeg/jpeg_testbench_func_synth.wcfg}
close_sim
launch_simulation -mode post-synthesis -type functional
open_wave_config C:/Users/Neil/Documents/Neil/EngSci/year_4_winter/ECE532/GrandTheftAuto/mjpeg/jpeg/jpeg_testbench_func_synth.wcfg
source jpeg_testbench.tcl
import_files -norecurse {C:/Users/Neil/Documents/Neil/EngSci/year_4_winter/ECE532/GrandTheftAuto/mjpeg/tmp/image_processor.v C:/Users/Neil/Documents/Neil/EngSci/year_4_winter/ECE532/GrandTheftAuto/mjpeg/tmp/jpeg_wrapper.v}
remove_files C:/Users/Neil/Documents/Neil/EngSci/year_4_winter/ECE532/GrandTheftAuto/mjpeg/jpeg/jpeg.srcs/sources_1/imports/tmp/image_processor.v
file delete -force C:/Users/Neil/Documents/Neil/EngSci/year_4_winter/ECE532/GrandTheftAuto/mjpeg/jpeg/jpeg.srcs/sources_1/imports/tmp/image_processor.v
import_files -norecurse C:/Users/Neil/Documents/Neil/EngSci/year_4_winter/ECE532/GrandTheftAuto/mjpeg/tmp/edge_detector.v
synth_design -rtl -name rtl_1
set_property top jpeg_wrapper [current_fileset]
reset_run synth_1
launch_runs synth_1 -jobs 2
wait_on_run synth_1
close_sim
launch_simulation -mode post-synthesis -type functional
open_wave_config C:/Users/Neil/Documents/Neil/EngSci/year_4_winter/ECE532/GrandTheftAuto/mjpeg/jpeg/jpeg_testbench_func_synth.wcfg
source jpeg_testbench.tcl
current_design rtl_1
refresh_design
reset_run synth_1
launch_runs synth_1 -jobs 2
wait_on_run synth_1
close_sim
launch_simulation -mode post-synthesis -type functional
open_wave_config C:/Users/Neil/Documents/Neil/EngSci/year_4_winter/ECE532/GrandTheftAuto/mjpeg/jpeg/jpeg_testbench_func_synth.wcfg
source jpeg_testbench.tcl
set_property source_mgmt_mode All [current_project]
update_compile_order -fileset sources_1
update_compile_order -fileset sources_1
reset_run synth_1
launch_runs synth_1 -jobs 2
wait_on_run synth_1
close_sim
launch_simulation -mode post-synthesis -type functional
open_wave_config C:/Users/Neil/Documents/Neil/EngSci/year_4_winter/ECE532/GrandTheftAuto/mjpeg/jpeg/jpeg_testbench_func_synth.wcfg
source jpeg_testbench.tcl
add_files -fileset sim_1 -norecurse C:/Users/Neil/Documents/Neil/EngSci/year_4_winter/ECE532/GrandTheftAuto/mjpeg/jpeg/jpeg.srcs/sources_1/imports/tmp/jpeg_wrapper.v
update_compile_order -fileset sim_1
set_property used_in {simulation testbench} [jpeg_wrapper.v -of_objects [current_fileset -simset]]
set_property used_in {simulation testbench} [get_files jpeg_wrapper.v -of_objects [current_fileset -simset]]
set_property used_in_simulation 1 [get_files jpeg_wrapper.v -of_objects [current_fileset -simset]]
close_sim
launch_simulation -mode post-synthesis -type functional
open_wave_config C:/Users/Neil/Documents/Neil/EngSci/year_4_winter/ECE532/GrandTheftAuto/mjpeg/jpeg/jpeg_testbench_func_synth.wcfg
source jpeg_testbench.tcl
file mkdir C:/Users/Neil/Documents/Neil/EngSci/year_4_winter/ECE532/GrandTheftAuto/mjpeg/jpeg/jpeg.srcs/sources_1/new
close [ open C:/Users/Neil/Documents/Neil/EngSci/year_4_winter/ECE532/GrandTheftAuto/mjpeg/jpeg/jpeg.srcs/sources_1/new/jpeg_top.v w ]
add_files C:/Users/Neil/Documents/Neil/EngSci/year_4_winter/ECE532/GrandTheftAuto/mjpeg/jpeg/jpeg.srcs/sources_1/new/jpeg_top.v
update_compile_order -fileset sources_1
update_compile_order -fileset sim_1
update_compile_order -fileset sim_1
set_property top jpeg_top [current_fileset]
update_compile_order -fileset sources_1
launch_simulation -mode post-synthesis -type functional
create_run impl_2 -parent_run synth_1 -flow {Vivado Implementation 2016} -strategy {Vivado Implementation Defaults}
current_run [get_runs impl_2]
set_property top jpeg_wrapper [current_fileset]
set_property target_language Verilog [current_project]
update_compile_order -fileset sources_1
launch_simulation -mode post-synthesis -type functional
reset_run synth_1
launch_runs synth_1 -jobs 2
wait_on_run synth_1
launch_simulation -mode post-synthesis -type functional
set_property source_mgmt_mode DisplayOnly [current_project]
reorder_files -front C:/Users/Neil/Documents/Neil/EngSci/year_4_winter/ECE532/GrandTheftAuto/mjpeg/jpeg/jpeg.srcs/sources_1/imports/mjpeg/coregen/check_FF_fifo/jpeg_checkff_fifo.edn
reorder_files -front C:/Users/Neil/Documents/Neil/EngSci/year_4_winter/ECE532/GrandTheftAuto/mjpeg/jpeg/jpeg.srcs/sources_1/imports/mjpeg/coregen/input_fifo/jpeg_input_fifo.edn
reset_run synth_1
launch_runs synth_1 -jobs 2
wait_on_run synth_1
launch_simulation -mode post-synthesis -type functional
open_wave_config C:/Users/Neil/Documents/Neil/EngSci/year_4_winter/ECE532/GrandTheftAuto/mjpeg/jpeg/jpeg_testbench_func_synth.wcfg
source jpeg_checkff_fifo.tcl
# Disabling source management mode.  This is to allow the top design properties to be set without GUI intervention.
set_property source_mgmt_mode None [current_project]
set_property top jpeg_testbench [get_filesets sim_1]
set_property top_lib xil_defaultlib [get_filesets sim_1]
# Re-enabling previously disabled source management mode.
set_property source_mgmt_mode DisplayOnly [current_project]
current_sim simulation_9
close_sim
launch_simulation -mode post-synthesis -type functional
open_wave_config C:/Users/Neil/Documents/Neil/EngSci/year_4_winter/ECE532/GrandTheftAuto/mjpeg/jpeg/jpeg_testbench_func_synth.wcfg
source jpeg_testbench.tcl
set_property -name {xsim.simulate.runtime} -value {20000ns} -objects [get_filesets sim_1]
save_wave_config {C:/Users/Neil/Documents/Neil/EngSci/year_4_winter/ECE532/GrandTheftAuto/mjpeg/jpeg/jpeg_testbench_func_synth.wcfg}
close_sim
launch_simulation -mode post-synthesis -type functional
open_wave_config C:/Users/Neil/Documents/Neil/EngSci/year_4_winter/ECE532/GrandTheftAuto/mjpeg/jpeg/jpeg_testbench_func_synth.wcfg
source jpeg_testbench.tcl
run 20000 ns
restart
run 30000 ns
reset_run synth_1
launch_runs synth_1 -jobs 2
wait_on_run synth_1
save_wave_config {C:/Users/Neil/Documents/Neil/EngSci/year_4_winter/ECE532/GrandTheftAuto/mjpeg/jpeg/jpeg_testbench_func_synth.wcfg}
close_sim
launch_simulation -mode post-synthesis -type functional
open_wave_config C:/Users/Neil/Documents/Neil/EngSci/year_4_winter/ECE532/GrandTheftAuto/mjpeg/jpeg/jpeg_testbench_func_synth.wcfg
source jpeg_testbench.tcl
run 10000 ns
run 10000 ns
run 30000 ns
remove_files C:/Users/Neil/Documents/Neil/EngSci/year_4_winter/ECE532/GrandTheftAuto/mjpeg/jpeg/jpeg.srcs/sources_1/imports/tmp/jpeg_wrapper.v
file delete -force C:/Users/Neil/Documents/Neil/EngSci/year_4_winter/ECE532/GrandTheftAuto/mjpeg/jpeg/jpeg.srcs/sources_1/imports/tmp/jpeg_wrapper.v
add_files -norecurse {C:/Users/Neil/Documents/Neil/EngSci/year_4_winter/ECE532/GrandTheftAuto/mjpeg/jpeg/jpeg.srcs/sources_1/edge_detector.v C:/Users/Neil/Documents/Neil/EngSci/year_4_winter/ECE532/GrandTheftAuto/mjpeg/jpeg/jpeg.srcs/sources_1/image_processor.v}
remove_files C:/Users/Neil/Documents/Neil/EngSci/year_4_winter/ECE532/GrandTheftAuto/mjpeg/jpeg/jpeg.srcs/sources_1/imports/tmp/edge_detector.v
file delete -force C:/Users/Neil/Documents/Neil/EngSci/year_4_winter/ECE532/GrandTheftAuto/mjpeg/jpeg/jpeg.srcs/sources_1/imports/tmp/edge_detector.v
remove_files -fileset sim_1 C:/Users/Neil/Documents/Neil/EngSci/year_4_winter/ECE532/GrandTheftAuto/mjpeg/jpeg/jpeg.srcs/sources_1/imports/tmp/jpeg_wrapper.v
remove_files C:/Users/Neil/Documents/Neil/EngSci/year_4_winter/ECE532/GrandTheftAuto/mjpeg/jpeg/jpeg.srcs/sources_1/new/jpeg_top.v
file delete -force C:/Users/Neil/Documents/Neil/EngSci/year_4_winter/ECE532/GrandTheftAuto/mjpeg/jpeg/jpeg.srcs/sources_1/new/jpeg_top.v
set_property top image_processor [current_fileset]
add_files -fileset sim_1 -norecurse C:/Users/Neil/Documents/Neil/EngSci/year_4_winter/ECE532/GrandTheftAuto/mjpeg/jpeg/jpeg.srcs/sources_1/image_processor.v
set_property used_in {simulation testbench} [get_files image_processor.v -of_objects [current_fileset -simset]]
set_property used_in_simulation 1 [get_files image_processor.v -of_objects [current_fileset -simset]]
add_files -fileset sim_1 -norecurse C:/Users/Neil/Documents/Neil/EngSci/year_4_winter/ECE532/GrandTheftAuto/mjpeg/jpeg/jpeg.srcs/sources_1/edge_detector.v
set_property used_in {simulation testbench} [get_files edge_detector.v -of_objects [current_fileset -simset]]
set_property used_in_simulation 1 [get_files edge_detector.v -of_objects [current_fileset -simset]]
reset_run synth_1
launch_runs synth_1 -jobs 2
wait_on_run synth_1
set_property -name {xsim.simulate.runtime} -value {100000ns} -objects [get_filesets sim_1]
save_wave_config {C:/Users/Neil/Documents/Neil/EngSci/year_4_winter/ECE532/GrandTheftAuto/mjpeg/jpeg/jpeg_testbench_func_synth.wcfg}
close_sim
launch_simulation -mode post-synthesis -type functional
open_wave_config C:/Users/Neil/Documents/Neil/EngSci/year_4_winter/ECE532/GrandTheftAuto/mjpeg/jpeg/jpeg_testbench_func_synth.wcfg
source jpeg_testbench.tcl
create_ip -name blk_mem_gen -vendor xilinx.com -library ip -version 8.3 -module_name blk_mem_gen_0
set_property -dict [list CONFIG.Memory_Type {Simple_Dual_Port_RAM} CONFIG.Use_Byte_Write_Enable {false} CONFIG.Assume_Synchronous_Clk {true} CONFIG.Write_Width_A {24} CONFIG.Write_Depth_A {8192} CONFIG.Enable_A {Always_Enabled} CONFIG.Enable_B {Always_Enabled} CONFIG.Read_Width_A {24} CONFIG.Operating_Mode_A {NO_CHANGE} CONFIG.Write_Width_B {24} CONFIG.Read_Width_B {24} CONFIG.Operating_Mode_B {READ_FIRST} CONFIG.Register_PortA_Output_of_Memory_Primitives {false} CONFIG.Register_PortB_Output_of_Memory_Primitives {true} CONFIG.Port_B_Clock {100} CONFIG.Port_B_Enable_Rate {100}] [get_ips blk_mem_gen_0]
generate_target {instantiation_template} [get_files c:/Users/Neil/Documents/Neil/EngSci/year_4_winter/ECE532/GrandTheftAuto/mjpeg/jpeg/jpeg.srcs/sources_1/ip/blk_mem_gen_0/blk_mem_gen_0.xci]
generate_target all [get_files  c:/Users/Neil/Documents/Neil/EngSci/year_4_winter/ECE532/GrandTheftAuto/mjpeg/jpeg/jpeg.srcs/sources_1/ip/blk_mem_gen_0/blk_mem_gen_0.xci]
export_ip_user_files -of_objects [get_files c:/Users/Neil/Documents/Neil/EngSci/year_4_winter/ECE532/GrandTheftAuto/mjpeg/jpeg/jpeg.srcs/sources_1/ip/blk_mem_gen_0/blk_mem_gen_0.xci] -no_script -force -quiet
create_ip_run [get_files -of_objects [get_fileset sources_1] c:/Users/Neil/Documents/Neil/EngSci/year_4_winter/ECE532/GrandTheftAuto/mjpeg/jpeg/jpeg.srcs/sources_1/ip/blk_mem_gen_0/blk_mem_gen_0.xci]
launch_run -jobs 2 blk_mem_gen_0_synth_1
export_simulation -of_objects [get_files c:/Users/Neil/Documents/Neil/EngSci/year_4_winter/ECE532/GrandTheftAuto/mjpeg/jpeg/jpeg.srcs/sources_1/ip/blk_mem_gen_0/blk_mem_gen_0.xci] -directory C:/Users/Neil/Documents/Neil/EngSci/year_4_winter/ECE532/GrandTheftAuto/mjpeg/jpeg/jpeg.ip_user_files/sim_scripts -ip_user_files_dir C:/Users/Neil/Documents/Neil/EngSci/year_4_winter/ECE532/GrandTheftAuto/mjpeg/jpeg/jpeg.ip_user_files -ipstatic_source_dir C:/Users/Neil/Documents/Neil/EngSci/year_4_winter/ECE532/GrandTheftAuto/mjpeg/jpeg/jpeg.ip_user_files/ipstatic -force -quiet
reset_run synth_1
launch_runs synth_1 -jobs 2
wait_on_run synth_1
save_wave_config {C:/Users/Neil/Documents/Neil/EngSci/year_4_winter/ECE532/GrandTheftAuto/mjpeg/jpeg/jpeg_testbench_func_synth.wcfg}
close_sim
launch_simulation -mode post-synthesis -type functional
reset_run synth_1
launch_runs synth_1 -jobs 2
wait_on_run synth_1
launch_simulation -mode post-synthesis -type functional
current_design rtl_1
refresh_design
delete_ip_run [get_files -of_objects [get_fileset blk_mem_gen_0] c:/Users/Neil/Documents/Neil/EngSci/year_4_winter/ECE532/GrandTheftAuto/mjpeg/jpeg/jpeg.srcs/sources_1/ip/blk_mem_gen_0/blk_mem_gen_0.xci]
set_property generate_synth_checkpoint false [get_files  c:/Users/Neil/Documents/Neil/EngSci/year_4_winter/ECE532/GrandTheftAuto/mjpeg/jpeg/jpeg.srcs/sources_1/ip/blk_mem_gen_0/blk_mem_gen_0.xci]
generate_target all [get_files  c:/Users/Neil/Documents/Neil/EngSci/year_4_winter/ECE532/GrandTheftAuto/mjpeg/jpeg/jpeg.srcs/sources_1/ip/blk_mem_gen_0/blk_mem_gen_0.xci]
export_ip_user_files -of_objects [get_files c:/Users/Neil/Documents/Neil/EngSci/year_4_winter/ECE532/GrandTheftAuto/mjpeg/jpeg/jpeg.srcs/sources_1/ip/blk_mem_gen_0/blk_mem_gen_0.xci] -no_script -force -quiet
export_simulation -of_objects [get_files c:/Users/Neil/Documents/Neil/EngSci/year_4_winter/ECE532/GrandTheftAuto/mjpeg/jpeg/jpeg.srcs/sources_1/ip/blk_mem_gen_0/blk_mem_gen_0.xci] -directory C:/Users/Neil/Documents/Neil/EngSci/year_4_winter/ECE532/GrandTheftAuto/mjpeg/jpeg/jpeg.ip_user_files/sim_scripts -ip_user_files_dir C:/Users/Neil/Documents/Neil/EngSci/year_4_winter/ECE532/GrandTheftAuto/mjpeg/jpeg/jpeg.ip_user_files -ipstatic_source_dir C:/Users/Neil/Documents/Neil/EngSci/year_4_winter/ECE532/GrandTheftAuto/mjpeg/jpeg/jpeg.ip_user_files/ipstatic -force -quiet
refresh_design
reset_run synth_1
launch_runs synth_1 -jobs 2
wait_on_run synth_1
launch_simulation -mode post-synthesis -type functional
reset_target all [get_files  c:/Users/Neil/Documents/Neil/EngSci/year_4_winter/ECE532/GrandTheftAuto/mjpeg/jpeg/jpeg.srcs/sources_1/ip/blk_mem_gen_0/blk_mem_gen_0.xci]
export_ip_user_files -of_objects  [get_files  c:/Users/Neil/Documents/Neil/EngSci/year_4_winter/ECE532/GrandTheftAuto/mjpeg/jpeg/jpeg.srcs/sources_1/ip/blk_mem_gen_0/blk_mem_gen_0.xci] -sync -no_script -force -quiet
generate_target all [get_files  c:/Users/Neil/Documents/Neil/EngSci/year_4_winter/ECE532/GrandTheftAuto/mjpeg/jpeg/jpeg.srcs/sources_1/ip/blk_mem_gen_0/blk_mem_gen_0.xci]
export_ip_user_files -of_objects [get_files c:/Users/Neil/Documents/Neil/EngSci/year_4_winter/ECE532/GrandTheftAuto/mjpeg/jpeg/jpeg.srcs/sources_1/ip/blk_mem_gen_0/blk_mem_gen_0.xci] -no_script -force -quiet
export_simulation -of_objects [get_files c:/Users/Neil/Documents/Neil/EngSci/year_4_winter/ECE532/GrandTheftAuto/mjpeg/jpeg/jpeg.srcs/sources_1/ip/blk_mem_gen_0/blk_mem_gen_0.xci] -directory C:/Users/Neil/Documents/Neil/EngSci/year_4_winter/ECE532/GrandTheftAuto/mjpeg/jpeg/jpeg.ip_user_files/sim_scripts -ip_user_files_dir C:/Users/Neil/Documents/Neil/EngSci/year_4_winter/ECE532/GrandTheftAuto/mjpeg/jpeg/jpeg.ip_user_files -ipstatic_source_dir C:/Users/Neil/Documents/Neil/EngSci/year_4_winter/ECE532/GrandTheftAuto/mjpeg/jpeg/jpeg.ip_user_files/ipstatic -force -quiet
reorder_files -front C:/Users/Neil/Documents/Neil/EngSci/year_4_winter/ECE532/GrandTheftAuto/mjpeg/jpeg/jpeg.srcs/sources_1/edge_detector.v
reorder_files -front c:/Users/Neil/Documents/Neil/EngSci/year_4_winter/ECE532/GrandTheftAuto/mjpeg/jpeg/jpeg.srcs/sources_1/ip/blk_mem_gen_0/blk_mem_gen_0.xci
reset_run synth_1
launch_runs synth_1 -jobs 2
wait_on_run synth_1
launch_simulation -mode post-synthesis -type functional
reset_run synth_1
launch_runs synth_1 -jobs 2
wait_on_run synth_1
launch_simulation -mode post-synthesis -type functional
open_wave_config C:/Users/Neil/Documents/Neil/EngSci/year_4_winter/ECE532/GrandTheftAuto/mjpeg/jpeg/jpeg_testbench_func_synth.wcfg
source jpeg_testbench.tcl
add_files -fileset sim_1 -norecurse C:/Users/Neil/Documents/Neil/EngSci/year_4_winter/ECE532/GrandTheftAuto/mjpeg/jpeg/jpeg.srcs/sources_1/edge_detector.v
set_property used_in {simulation testbench} [get_files edge_detector.v -of_objects [current_fileset -simset]]
set_property used_in_simulation 1 [get_files edge_detector.v -of_objects [current_fileset -simset]]
reset_run synth_1
launch_runs synth_1 -jobs 2
wait_on_run synth_1
save_wave_config {C:/Users/Neil/Documents/Neil/EngSci/year_4_winter/ECE532/GrandTheftAuto/mjpeg/jpeg/jpeg_testbench_func_synth.wcfg}
close_sim
launch_simulation -mode post-synthesis -type functional
create_ip -name blk_mem_gen -vendor xilinx.com -library ip -version 8.3 -module_name blk_mem_gen_1
set_property -dict [list CONFIG.Memory_Type {Simple_Dual_Port_RAM} CONFIG.Assume_Synchronous_Clk {true} CONFIG.Write_Depth_A {4096} CONFIG.Enable_A {Always_Enabled} CONFIG.Enable_B {Always_Enabled} CONFIG.Operating_Mode_A {NO_CHANGE} CONFIG.Operating_Mode_B {READ_FIRST} CONFIG.Register_PortA_Output_of_Memory_Primitives {false} CONFIG.Register_PortB_Output_of_Memory_Primitives {true} CONFIG.Port_B_Clock {100} CONFIG.Port_B_Enable_Rate {100}] [get_ips blk_mem_gen_1]
generate_target {instantiation_template} [get_files c:/Users/Neil/Documents/Neil/EngSci/year_4_winter/ECE532/GrandTheftAuto/mjpeg/jpeg/jpeg.srcs/sources_1/ip/blk_mem_gen_1/blk_mem_gen_1.xci]
set_property generate_synth_checkpoint false [get_files  c:/Users/Neil/Documents/Neil/EngSci/year_4_winter/ECE532/GrandTheftAuto/mjpeg/jpeg/jpeg.srcs/sources_1/ip/blk_mem_gen_1/blk_mem_gen_1.xci]
generate_target all [get_files  c:/Users/Neil/Documents/Neil/EngSci/year_4_winter/ECE532/GrandTheftAuto/mjpeg/jpeg/jpeg.srcs/sources_1/ip/blk_mem_gen_1/blk_mem_gen_1.xci]
export_ip_user_files -of_objects [get_files c:/Users/Neil/Documents/Neil/EngSci/year_4_winter/ECE532/GrandTheftAuto/mjpeg/jpeg/jpeg.srcs/sources_1/ip/blk_mem_gen_1/blk_mem_gen_1.xci] -no_script -force -quiet
export_simulation -of_objects [get_files c:/Users/Neil/Documents/Neil/EngSci/year_4_winter/ECE532/GrandTheftAuto/mjpeg/jpeg/jpeg.srcs/sources_1/ip/blk_mem_gen_1/blk_mem_gen_1.xci] -directory C:/Users/Neil/Documents/Neil/EngSci/year_4_winter/ECE532/GrandTheftAuto/mjpeg/jpeg/jpeg.ip_user_files/sim_scripts -ip_user_files_dir C:/Users/Neil/Documents/Neil/EngSci/year_4_winter/ECE532/GrandTheftAuto/mjpeg/jpeg/jpeg.ip_user_files -ipstatic_source_dir C:/Users/Neil/Documents/Neil/EngSci/year_4_winter/ECE532/GrandTheftAuto/mjpeg/jpeg/jpeg.ip_user_files/ipstatic -force -quiet
create_ip -name fifo_generator -vendor xilinx.com -library ip -version 13.1 -module_name fifo_generator_0
set_property -dict [list CONFIG.Input_Data_Width {12} CONFIG.Input_Depth {32} CONFIG.Reset_Pin {false} CONFIG.Data_Count {false} CONFIG.Output_Data_Width {12} CONFIG.Output_Depth {32} CONFIG.Reset_Type {Asynchronous_Reset} CONFIG.Use_Dout_Reset {false} CONFIG.Data_Count_Width {5} CONFIG.Write_Data_Count_Width {5} CONFIG.Read_Data_Count_Width {5} CONFIG.Full_Threshold_Assert_Value {30} CONFIG.Full_Threshold_Negate_Value {29}] [get_ips fifo_generator_0]
generate_target {instantiation_template} [get_files c:/Users/Neil/Documents/Neil/EngSci/year_4_winter/ECE532/GrandTheftAuto/mjpeg/jpeg/jpeg.srcs/sources_1/ip/fifo_generator_0/fifo_generator_0.xci]
set_property generate_synth_checkpoint false [get_files  c:/Users/Neil/Documents/Neil/EngSci/year_4_winter/ECE532/GrandTheftAuto/mjpeg/jpeg/jpeg.srcs/sources_1/ip/fifo_generator_0/fifo_generator_0.xci]
generate_target all [get_files  c:/Users/Neil/Documents/Neil/EngSci/year_4_winter/ECE532/GrandTheftAuto/mjpeg/jpeg/jpeg.srcs/sources_1/ip/fifo_generator_0/fifo_generator_0.xci]
export_ip_user_files -of_objects [get_files c:/Users/Neil/Documents/Neil/EngSci/year_4_winter/ECE532/GrandTheftAuto/mjpeg/jpeg/jpeg.srcs/sources_1/ip/fifo_generator_0/fifo_generator_0.xci] -no_script -force -quiet
export_simulation -of_objects [get_files c:/Users/Neil/Documents/Neil/EngSci/year_4_winter/ECE532/GrandTheftAuto/mjpeg/jpeg/jpeg.srcs/sources_1/ip/fifo_generator_0/fifo_generator_0.xci] -directory C:/Users/Neil/Documents/Neil/EngSci/year_4_winter/ECE532/GrandTheftAuto/mjpeg/jpeg/jpeg.ip_user_files/sim_scripts -ip_user_files_dir C:/Users/Neil/Documents/Neil/EngSci/year_4_winter/ECE532/GrandTheftAuto/mjpeg/jpeg/jpeg.ip_user_files -ipstatic_source_dir C:/Users/Neil/Documents/Neil/EngSci/year_4_winter/ECE532/GrandTheftAuto/mjpeg/jpeg/jpeg.ip_user_files/ipstatic -force -quiet
set_property -name {xsim.simulate.runtime} -value {50000ns} -objects [get_filesets sim_1]
reset_run synth_1
launch_runs synth_1 -jobs 2
wait_on_run synth_1
current_design rtl_1
refresh_design
launch_simulation -mode post-synthesis -type functional
reset_run synth_1
launch_runs synth_1 -jobs 2
wait_on_run synth_1
launch_simulation -mode post-synthesis -type functional
open_wave_config C:/Users/Neil/Documents/Neil/EngSci/year_4_winter/ECE532/GrandTheftAuto/mjpeg/jpeg/jpeg_testbench_func_synth.wcfg
source jpeg_testbench.tcl
run 100000 ns
reset_run synth_1
launch_runs synth_1 -jobs 2
wait_on_run synth_1
close_sim
launch_simulation -mode post-synthesis -type functional
close_sim
