#-----------------------------------------------------------
# Vivado v2016.2 (64-bit)
# SW Build 1577090 on Thu Jun  2 16:32:40 MDT 2016
# IP Build 1577682 on Fri Jun  3 12:00:54 MDT 2016
# Start of session at: Thu Feb 02 14:13:38 2017
# Process ID: 13496
# Current directory: C:/Users/Neil/Documents/Neil/EngSci/year_4_winter/ECE532/warmup_demo/warmup
# Command line: vivado.exe -gui_launcher_event rodinguilauncherevent216 C:\Users\Neil\Documents\Neil\EngSci\year_4_winter\ECE532\warmup_demo\warmup\warmup.xpr
# Log file: C:/Users/Neil/Documents/Neil/EngSci/year_4_winter/ECE532/warmup_demo/warmup/vivado.log
# Journal file: C:/Users/Neil/Documents/Neil/EngSci/year_4_winter/ECE532/warmup_demo/warmup\vivado.jou
#-----------------------------------------------------------
start_gui
open_project C:/Users/Neil/Documents/Neil/EngSci/year_4_winter/ECE532/warmup_demo/warmup/warmup.xpr
launch_sdk -workspace C:/Users/Neil/Documents/Neil/EngSci/year_4_winter/ECE532/warmup_demo/warmup/warmup.sdk -hwspec C:/Users/Neil/Documents/Neil/EngSci/year_4_winter/ECE532/warmup_demo/warmup/warmup.sdk/design_1_wrapper.hdf
file copy -force C:/Users/Neil/Documents/Neil/EngSci/year_4_winter/ECE532/warmup_demo/warmup/warmup.runs/impl_1/design_1_wrapper.sysdef C:/Users/Neil/Documents/Neil/EngSci/year_4_winter/ECE532/warmup_demo/warmup/warmup.sdk/design_1_wrapper.hdf

file copy -force C:/Users/Neil/Documents/Neil/EngSci/year_4_winter/ECE532/warmup_demo/warmup/warmup.runs/impl_1/design_1_wrapper.sysdef C:/Users/Neil/Documents/Neil/EngSci/year_4_winter/ECE532/warmup_demo/warmup/warmup.sdk/design_1_wrapper.hdf

file mkdir C:/Users/Neil/Documents/Neil/EngSci/year_4_winter/ECE532/warmup_demo/warmup/warmup.sdk
file copy -force C:/Users/Neil/Documents/Neil/EngSci/year_4_winter/ECE532/warmup_demo/warmup/warmup.runs/impl_1/design_1_wrapper.sysdef C:/Users/Neil/Documents/Neil/EngSci/year_4_winter/ECE532/warmup_demo/warmup/warmup.sdk/design_1_wrapper.hdf

launch_sdk -workspace C:/Users/Neil/Documents/Neil/EngSci/year_4_winter/ECE532/warmup_demo/warmup/warmup.sdk -hwspec C:/Users/Neil/Documents/Neil/EngSci/year_4_winter/ECE532/warmup_demo/warmup/warmup.sdk/design_1_wrapper.hdf
synth_design -rtl -name rtl_1
reset_run impl_1 -prev_step 
launch_runs impl_1 -to_step write_bitstream -jobs 2
wait_on_run impl_1
file copy -force C:/Users/Neil/Documents/Neil/EngSci/year_4_winter/ECE532/warmup_demo/warmup/warmup.runs/impl_1/design_1_wrapper.sysdef C:/Users/Neil/Documents/Neil/EngSci/year_4_winter/ECE532/warmup_demo/warmup/warmup.sdk/design_1_wrapper.hdf

