#-----------------------------------------------------------
# Webtalk v2016.2 (64-bit)
# SW Build 1577090 on Thu Jun  2 16:32:40 MDT 2016
# IP Build 1577682 on Fri Jun  3 12:00:54 MDT 2016
# Start of session at: Wed Feb 01 20:32:46 2017
# Process ID: 4476
# Current directory: c:/Users/Neil/Documents/Neil/EngSci/year_4_winter/ECE532/warmup_demo/warmup
# Command line: wbtcv.exe -mode batch -source c:/users/neil/documents/neil/engsci/year_4_winter/ece532/warmup_demo/warmup/warmup.tmp/fib_lfsr_v1_0_project/Fib_LFSR_v1_0_project.hw/webtalk/labtool_webtalk.tcl -notrace
# Log file: c:/Users/Neil/Documents/Neil/EngSci/year_4_winter/ECE532/warmup_demo/warmup/webtalk.log
# Journal file: c:/Users/Neil/Documents/Neil/EngSci/year_4_winter/ECE532/warmup_demo/warmup\webtalk.jou
#-----------------------------------------------------------
source c:/users/neil/documents/neil/engsci/year_4_winter/ece532/warmup_demo/warmup/warmup.tmp/fib_lfsr_v1_0_project/Fib_LFSR_v1_0_project.hw/webtalk/labtool_webtalk.tcl -notrace
