#-----------------------------------------------------------
# Vivado v2016.2 (64-bit)
# SW Build 1577090 on Thu Jun  2 16:32:40 MDT 2016
# IP Build 1577682 on Fri Jun  3 12:00:54 MDT 2016
# Start of session at: Wed Feb 15 09:38:02 2017
# Process ID: 8460
# Current directory: C:/Users/Neil/Documents/Neil/EngSci/year_4_winter/ECE532/image_processing/image_processor
# Command line: vivado.exe -gui_launcher_event rodinguilauncherevent13616 C:\Users\Neil\Documents\Neil\EngSci\year_4_winter\ECE532\image_processing\image_processor\image_processor.xpr
# Log file: C:/Users/Neil/Documents/Neil/EngSci/year_4_winter/ECE532/image_processing/image_processor/vivado.log
# Journal file: C:/Users/Neil/Documents/Neil/EngSci/year_4_winter/ECE532/image_processing/image_processor\vivado.jou
#-----------------------------------------------------------
start_gui
open_project C:/Users/Neil/Documents/Neil/EngSci/year_4_winter/ECE532/image_processing/image_processor/image_processor.xpr
update_compile_order -fileset sources_1
file mkdir C:/Users/Neil/Documents/Neil/EngSci/year_4_winter/ECE532/image_processing/image_processor/image_processor.srcs/sim_1/new
set_property SOURCE_SET sources_1 [get_filesets sim_1]
close [ open C:/Users/Neil/Documents/Neil/EngSci/year_4_winter/ECE532/image_processing/image_processor/image_processor.srcs/sim_1/new/image_processor_tb.v w ]
add_files -fileset sim_1 C:/Users/Neil/Documents/Neil/EngSci/year_4_winter/ECE532/image_processing/image_processor/image_processor.srcs/sim_1/new/image_processor_tb.v
update_compile_order -fileset sim_1
update_compile_order -fileset sim_1
update_compile_order -fileset sim_1
launch_simulation
source image_processor_tb.tcl
add_bp {C:/Users/Neil/Documents/Neil/EngSci/year_4_winter/ECE532/image_processing/image_processor/image_processor.srcs/sim_1/new/image_processor_tb.v} 55
remove_bps -file {C:/Users/Neil/Documents/Neil/EngSci/year_4_winter/ECE532/image_processing/image_processor/image_processor.srcs/sim_1/new/image_processor_tb.v} -line 55
close_sim
launch_simulation
launch_simulation
source image_processor_tb.tcl
set_property SOURCE_SET sources_1 [get_filesets sim_1]
import_files -fileset sim_1 -norecurse C:/Users/Neil/Documents/Neil/EngSci/year_4_winter/ECE532/image_processing/tb_input.txt
close_sim
launch_simulation
launch_simulation
source image_processor_tb.tcl
set_property SOURCE_SET sources_1 [get_filesets sim_1]
import_files -fileset sim_1 -norecurse {C:/Users/Neil/Documents/Neil/EngSci/year_4_winter/ECE532/image_processing/tb_colour.txt C:/Users/Neil/Documents/Neil/EngSci/year_4_winter/ECE532/image_processing/tb_edges.txt}
set_property -name {xsim.simulate.runtime} -value {2000ns} -objects [get_filesets sim_1]
close_sim
launch_simulation
source image_processor_tb.tcl
close_sim
launch_simulation
source image_processor_tb.tcl
set_property -name {xsim.simulate.runtime} -value {1000} -objects [get_filesets sim_1]
close_sim
launch_simulation
source image_processor_tb.tcl
close_sim
launch_simulation
source image_processor_tb.tcl
save_wave_config {C:/Users/Neil/Documents/Neil/EngSci/year_4_winter/ECE532/image_processing/image_processor/image_processor_tb_behav.wcfg}
add_files -fileset sim_1 -norecurse C:/Users/Neil/Documents/Neil/EngSci/year_4_winter/ECE532/image_processing/image_processor/image_processor_tb_behav.wcfg
set_property xsim.view C:/Users/Neil/Documents/Neil/EngSci/year_4_winter/ECE532/image_processing/image_processor/image_processor_tb_behav.wcfg [get_filesets sim_1]
run 1000 ns
save_wave_config {C:/Users/Neil/Documents/Neil/EngSci/year_4_winter/ECE532/image_processing/image_processor/image_processor_tb_behav.wcfg}
run 20000 ns
run 2000 ns
run 2000 ns
reset_run synth_1
launch_runs synth_1 -jobs 2
wait_on_run synth_1
save_wave_config {C:/Users/Neil/Documents/Neil/EngSci/year_4_winter/ECE532/image_processing/image_processor/image_processor_tb_behav.wcfg}
close_sim
