#-----------------------------------------------------------
# Vivado v2016.2 (64-bit)
# SW Build 1577090 on Thu Jun  2 16:32:40 MDT 2016
# IP Build 1577682 on Fri Jun  3 12:00:54 MDT 2016
# Start of session at: Sun Mar 19 07:25:03 2017
# Process ID: 9900
# Current directory: C:/Users/Neil/Documents/Neil/EngSci/year_4_winter/ECE532/GrandTheftAuto/img_proc_full_v2
# Command line: vivado.exe -gui_launcher_event rodinguilauncherevent10228 C:\Users\Neil\Documents\Neil\EngSci\year_4_winter\ECE532\GrandTheftAuto\img_proc_full_v2\jpeg.xpr
# Log file: C:/Users/Neil/Documents/Neil/EngSci/year_4_winter/ECE532/GrandTheftAuto/img_proc_full_v2/vivado.log
# Journal file: C:/Users/Neil/Documents/Neil/EngSci/year_4_winter/ECE532/GrandTheftAuto/img_proc_full_v2\vivado.jou
#-----------------------------------------------------------
start_gui
open_project C:/Users/Neil/Documents/Neil/EngSci/year_4_winter/ECE532/GrandTheftAuto/img_proc_full_v2/jpeg.xpr
open_hw
connect_hw_server
open_hw_target
set_property PROGRAM.FILE {C:/Users/Neil/Documents/Neil/EngSci/year_4_winter/ECE532/GrandTheftAuto/img_proc_full_v2/jpeg.runs/impl_1/image_processor_wrapper.bit} [lindex [get_hw_devices] 0]
current_hw_device [lindex [get_hw_devices] 0]
refresh_hw_device -update_hw_probes false [lindex [get_hw_devices] 0]
set_property PROBES.FILE {} [lindex [get_hw_devices] 0]
set_property PROGRAM.FILE {C:/Users/Neil/Documents/Neil/EngSci/year_4_winter/ECE532/GrandTheftAuto/img_proc_full_v2/jpeg.runs/impl_1/image_processor_wrapper.bit} [lindex [get_hw_devices] 0]
program_hw_devices [lindex [get_hw_devices] 0]
refresh_hw_device [lindex [get_hw_devices] 0]
close_hw
set_property -dict [list CONFIG.Coe_File {C:/Users/Neil/Documents/Neil/EngSci/year_4_winter/ECE532/GrandTheftAuto/img_proc_full_v2/jpeg.srcs/sources_1/coe_files/calibrate_test.coe}] [get_ips blk_mem_gen_4]
generate_target all [get_files  C:/Users/Neil/Documents/Neil/EngSci/year_4_winter/ECE532/GrandTheftAuto/img_proc_full_v2/jpeg.srcs/sources_1/ip/blk_mem_gen_4/blk_mem_gen_4.xci]
export_ip_user_files -of_objects [get_files C:/Users/Neil/Documents/Neil/EngSci/year_4_winter/ECE532/GrandTheftAuto/img_proc_full_v2/jpeg.srcs/sources_1/ip/blk_mem_gen_4/blk_mem_gen_4.xci] -no_script -force -quiet
export_simulation -of_objects [get_files C:/Users/Neil/Documents/Neil/EngSci/year_4_winter/ECE532/GrandTheftAuto/img_proc_full_v2/jpeg.srcs/sources_1/ip/blk_mem_gen_4/blk_mem_gen_4.xci] -directory C:/Users/Neil/Documents/Neil/EngSci/year_4_winter/ECE532/GrandTheftAuto/img_proc_full_v2/jpeg.ip_user_files/sim_scripts -ip_user_files_dir C:/Users/Neil/Documents/Neil/EngSci/year_4_winter/ECE532/GrandTheftAuto/img_proc_full_v2/jpeg.ip_user_files -ipstatic_source_dir C:/Users/Neil/Documents/Neil/EngSci/year_4_winter/ECE532/GrandTheftAuto/img_proc_full_v2/jpeg.ip_user_files/ipstatic -force -quiet
reset_run synth_1
launch_runs impl_1 -to_step write_bitstream -jobs 2
wait_on_run impl_1
remove_files {C:/Users/Neil/Documents/Neil/EngSci/year_4_winter/ECE532/GrandTheftAuto/img_proc_full_v2/jpeg.srcs/sources_1/336x176.coe C:/Users/Neil/Documents/Neil/EngSci/year_4_winter/ECE532/GrandTheftAuto/img_proc_full_v2/jpeg.srcs/sources_1/640x480.coe C:/Users/Neil/Documents/Neil/EngSci/year_4_winter/ECE532/GrandTheftAuto/img_proc_full_v2/jpeg.srcs/sources_1/64x64.coe}
reset_run synth_1
launch_runs impl_1 -to_step write_bitstream -jobs 2
wait_on_run impl_1
open_hw
connect_hw_server
open_hw_target
set_property PROGRAM.FILE {C:/Users/Neil/Documents/Neil/EngSci/year_4_winter/ECE532/GrandTheftAuto/img_proc_full_v2/jpeg.runs/impl_1/image_processor_wrapper.bit} [lindex [get_hw_devices] 0]
current_hw_device [lindex [get_hw_devices] 0]
refresh_hw_device -update_hw_probes false [lindex [get_hw_devices] 0]
set_property PROBES.FILE {} [lindex [get_hw_devices] 0]
set_property PROGRAM.FILE {C:/Users/Neil/Documents/Neil/EngSci/year_4_winter/ECE532/GrandTheftAuto/img_proc_full_v2/jpeg.runs/impl_1/image_processor_wrapper.bit} [lindex [get_hw_devices] 0]
program_hw_devices [lindex [get_hw_devices] 0]
refresh_hw_device [lindex [get_hw_devices] 0]
set_property -name {xsim.simulate.runtime} -value {10000us} -objects [get_filesets sim_1]
launch_simulation -mode post-synthesis -type functional
open_wave_config C:/Users/Neil/Documents/Neil/EngSci/year_4_winter/ECE532/GrandTheftAuto/img_proc_full_v2/jpeg_testbench_func_synth.wcfg
source wrapper_tb.tcl
run 20000 us
run 10000 us
run 10000 us
set_property -dict [list CONFIG.Coe_File {C:/Users/Neil/Documents/Neil/EngSci/year_4_winter/ECE532/GrandTheftAuto/img_proc_full_v2/jpeg.srcs/sources_1/coe_files/calibrate_small.coe}] [get_ips blk_mem_gen_4]
generate_target all [get_files  C:/Users/Neil/Documents/Neil/EngSci/year_4_winter/ECE532/GrandTheftAuto/img_proc_full_v2/jpeg.srcs/sources_1/ip/blk_mem_gen_4/blk_mem_gen_4.xci]
export_ip_user_files -of_objects [get_files C:/Users/Neil/Documents/Neil/EngSci/year_4_winter/ECE532/GrandTheftAuto/img_proc_full_v2/jpeg.srcs/sources_1/ip/blk_mem_gen_4/blk_mem_gen_4.xci] -no_script -force -quiet
export_simulation -of_objects [get_files C:/Users/Neil/Documents/Neil/EngSci/year_4_winter/ECE532/GrandTheftAuto/img_proc_full_v2/jpeg.srcs/sources_1/ip/blk_mem_gen_4/blk_mem_gen_4.xci] -directory C:/Users/Neil/Documents/Neil/EngSci/year_4_winter/ECE532/GrandTheftAuto/img_proc_full_v2/jpeg.ip_user_files/sim_scripts -ip_user_files_dir C:/Users/Neil/Documents/Neil/EngSci/year_4_winter/ECE532/GrandTheftAuto/img_proc_full_v2/jpeg.ip_user_files -ipstatic_source_dir C:/Users/Neil/Documents/Neil/EngSci/year_4_winter/ECE532/GrandTheftAuto/img_proc_full_v2/jpeg.ip_user_files/ipstatic -force -quiet
save_wave_config {C:/Users/Neil/Documents/Neil/EngSci/year_4_winter/ECE532/GrandTheftAuto/img_proc_full_v2/jpeg_testbench_func_synth.wcfg}
save_wave_config {C:/Users/Neil/Documents/Neil/EngSci/year_4_winter/ECE532/GrandTheftAuto/img_proc_full_v2/jpeg_testbench_func_synth.wcfg}
reset_run synth_1
launch_runs synth_1 -jobs 2
wait_on_run synth_1
reset_run synth_1
launch_runs synth_1 -jobs 2
wait_on_run synth_1
reset_run synth_1
launch_runs synth_1 -jobs 2
wait_on_run synth_1
close_sim
