14:43:33 **** Build of project warmup_bsp ****
make -k all 
"Running Make include in microblaze_0/libsrc/bram_v4_1/src"
make -C microblaze_0/libsrc/bram_v4_1/src -s include  "SHELL=CMD" "COMPILER=mb-gcc" "ARCHIVER=mb-ar" "COMPILER_FLAGS= -O2 -c -mcpu=v9.6 -mlittle-endian -mxl-soft-mul" "EXTRA_COMPILER_FLAGS=-g"
"Running Make include in microblaze_0/libsrc/cpu_v2_5/src"
make -C microblaze_0/libsrc/cpu_v2_5/src -s include  "SHELL=CMD" "COMPILER=mb-gcc" "ARCHIVER=mb-ar" "COMPILER_FLAGS= -O2 -c -mcpu=v9.6 -mlittle-endian -mxl-soft-mul" "EXTRA_COMPILER_FLAGS=-g"
"Running Make include in microblaze_0/libsrc/Fib_LFSR_v1_0/src"
make -C microblaze_0/libsrc/Fib_LFSR_v1_0/src -s include  "SHELL=CMD" "COMPILER=mb-gcc" "ARCHIVER=mb-ar" "COMPILER_FLAGS= -O2 -c -mcpu=v9.6 -mlittle-endian -mxl-soft-mul" "EXTRA_COMPILER_FLAGS=-g"
"Running Make include in microblaze_0/libsrc/standalone_v5_5/src"
make -C microblaze_0/libsrc/standalone_v5_5/src -s include  "SHELL=CMD" "COMPILER=mb-gcc" "ARCHIVER=mb-ar" "COMPILER_FLAGS= -O2 -c -mcpu=v9.6 -mlittle-endian -mxl-soft-mul" "EXTRA_COMPILER_FLAGS=-g"
"Running Make include in microblaze_0/libsrc/uartlite_v3_2/src"
make -C microblaze_0/libsrc/uartlite_v3_2/src -s include  "SHELL=CMD" "COMPILER=mb-gcc" "ARCHIVER=mb-ar" "COMPILER_FLAGS= -O2 -c -mcpu=v9.6 -mlittle-endian -mxl-soft-mul" "EXTRA_COMPILER_FLAGS=-g"
"Running Make libs in microblaze_0/libsrc/bram_v4_1/src"
make -C microblaze_0/libsrc/bram_v4_1/src -s libs  "SHELL=CMD" "COMPILER=mb-gcc" "ARCHIVER=mb-ar" "COMPILER_FLAGS= -O2 -c -mcpu=v9.6 -mlittle-endian -mxl-soft-mul" "EXTRA_COMPILER_FLAGS=-g"
"Compiling bram"
mb-ar: creating ../../../lib/libxil.a
"Running Make libs in microblaze_0/libsrc/cpu_v2_5/src"
make -C microblaze_0/libsrc/cpu_v2_5/src -s libs  "SHELL=CMD" "COMPILER=mb-gcc" "ARCHIVER=mb-ar" "COMPILER_FLAGS= -O2 -c -mcpu=v9.6 -mlittle-endian -mxl-soft-mul" "EXTRA_COMPILER_FLAGS=-g"
"Compiling cpu"
"Running Make libs in microblaze_0/libsrc/Fib_LFSR_v1_0/src"
make -C microblaze_0/libsrc/Fib_LFSR_v1_0/src -s libs  "SHELL=CMD" "COMPILER=mb-gcc" "ARCHIVER=mb-ar" "COMPILER_FLAGS= -O2 -c -mcpu=v9.6 -mlittle-endian -mxl-soft-mul" "EXTRA_COMPILER_FLAGS=-g"
"Compiling Fib_LFSR..."
"Running Make libs in microblaze_0/libsrc/standalone_v5_5/src"
make -C microblaze_0/libsrc/standalone_v5_5/src -s libs  "SHELL=CMD" "COMPILER=mb-gcc" "ARCHIVER=mb-ar" "COMPILER_FLAGS= -O2 -c -mcpu=v9.6 -mlittle-endian -mxl-soft-mul" "EXTRA_COMPILER_FLAGS=-g"
"Compiling standalone";
"Running Make libs in microblaze_0/libsrc/uartlite_v3_2/src"
make -C microblaze_0/libsrc/uartlite_v3_2/src -s libs  "SHELL=CMD" "COMPILER=mb-gcc" "ARCHIVER=mb-ar" "COMPILER_FLAGS= -O2 -c -mcpu=v9.6 -mlittle-endian -mxl-soft-mul" "EXTRA_COMPILER_FLAGS=-g"
"Compiling uartlite"
'Finished building libraries'
14:44:17 **** Build of configuration Debug for project warmup ****
make all 
'Building file: ../src/helloworld.c'
'Invoking: MicroBlaze gcc compiler'
mb-gcc -Wall -O0 -g3 -c -fmessage-length=0 -MT"src/helloworld.o" -I../../warmup_bsp/microblaze_0/include -mlittle-endian -mcpu=v9.6 -mxl-soft-mul -Wl,--no-relax -MMD -MP -MF"src/helloworld.d" -MT"src/helloworld.o" -o "src/helloworld.o" "../src/helloworld.c"
'Finished building: ../src/helloworld.c'
' '
'Building file: ../src/platform.c'
'Invoking: MicroBlaze gcc compiler'
mb-gcc -Wall -O0 -g3 -c -fmessage-length=0 -MT"src/platform.o" -I../../warmup_bsp/microblaze_0/include -mlittle-endian -mcpu=v9.6 -mxl-soft-mul -Wl,--no-relax -MMD -MP -MF"src/platform.d" -MT"src/platform.o" -o "src/platform.o" "../src/platform.c"
'Finished building: ../src/platform.c'
' '
'Building target: warmup.elf'
'Invoking: MicroBlaze gcc linker'
mb-gcc -Wl,-T -Wl,../src/lscript.ld -L../../warmup_bsp/microblaze_0/lib -mlittle-endian -mcpu=v9.6 -mxl-soft-mul -Wl,--no-relax -o "warmup.elf"  ./src/helloworld.o ./src/platform.o   -Wl,--start-group,-lxil,-lgcc,-lc,--end-group
'Finished building target: warmup.elf'
' '
'Invoking: MicroBlaze Print Size'
mb-size warmup.elf  |tee "warmup.elf.size"
   text	   data	    bss	    dec	    hex	filename
   2832	    288	   3120	   6240	   1860	warmup.elf
'Finished building: warmup.elf.size'
' '
14:47:27 **** Incremental Build of configuration Debug for project warmup ****
make all 
make: Nothing to be done for `all'.
14:47:53 **** Incremental Build of configuration Debug for project warmup ****
make all 
make: Nothing to be done for `all'.
14:48:15 **** Auto Build of configuration Debug for project warmup ****
make all 
'Building file: ../src/helloworld.c'
'Invoking: MicroBlaze gcc compiler'
mb-gcc -Wall -O0 -g3 -c -fmessage-length=0 -MT"src/helloworld.o" -I../../warmup_bsp/microblaze_0/include -mlittle-endian -mcpu=v9.6 -mxl-soft-mul -Wl,--no-relax -MMD -MP -MF"src/helloworld.d" -MT"src/helloworld.o" -o "src/helloworld.o" "../src/helloworld.c"
'Finished building: ../src/helloworld.c'
' '
'Building target: warmup.elf'
'Invoking: MicroBlaze gcc linker'
mb-gcc -Wl,-T -Wl,../src/lscript.ld -L../../warmup_bsp/microblaze_0/lib -mlittle-endian -mcpu=v9.6 -mxl-soft-mul -Wl,--no-relax -o "warmup.elf"  ./src/helloworld.o ./src/platform.o   -Wl,--start-group,-lxil,-lgcc,-lc,--end-group
'Finished building target: warmup.elf'
' '
'Invoking: MicroBlaze Print Size'
mb-size warmup.elf  |tee "warmup.elf.size"
   text	   data	    bss	    dec	    hex	filename
   6304	    292	   3124	   9720	   25f8	warmup.elf
'Finished building: warmup.elf.size'
' '
14:48:24 **** Incremental Build of configuration Debug for project warmup ****
make all 
make: Nothing to be done for `all'.
14:48:45 **** Incremental Build of configuration Debug for project warmup ****
make all 
make: Nothing to be done for `all'.
14:49:10 **** Incremental Build of configuration Debug for project warmup ****
make all 
make: Nothing to be done for `all'.
14:49:17 **** Incremental Build of configuration Debug for project warmup ****
make all 
make: Nothing to be done for `all'.
14:49:31 **** Incremental Build of configuration Debug for project warmup ****
make all 
make: Nothing to be done for `all'.
14:50:33 **** Incremental Build of configuration Debug for project warmup ****
make all 
make: Nothing to be done for `all'.
14:50:52 **** Incremental Build of configuration Debug for project warmup ****
make all 
make: Nothing to be done for `all'.
14:51:06 **** Incremental Build of configuration Debug for project warmup ****
make all 
make: Nothing to be done for `all'.
14:53:13 **** Auto Build of configuration Debug for project warmup ****
make all 
'Building file: ../src/helloworld.c'
'Invoking: MicroBlaze gcc compiler'
mb-gcc -Wall -O0 -g3 -c -fmessage-length=0 -MT"src/helloworld.o" -I../../warmup_bsp/microblaze_0/include -mlittle-endian -mcpu=v9.6 -mxl-soft-mul -Wl,--no-relax -MMD -MP -MF"src/helloworld.d" -MT"src/helloworld.o" -o "src/helloworld.o" "../src/helloworld.c"
'Finished building: ../src/helloworld.c'
' '
'Building target: warmup.elf'
'Invoking: MicroBlaze gcc linker'
mb-gcc -Wl,-T -Wl,../src/lscript.ld -L../../warmup_bsp/microblaze_0/lib -mlittle-endian -mcpu=v9.6 -mxl-soft-mul -Wl,--no-relax -o "warmup.elf"  ./src/helloworld.o ./src/platform.o   -Wl,--start-group,-lxil,-lgcc,-lc,--end-group
'Finished building target: warmup.elf'
' '
'Invoking: MicroBlaze Print Size'
mb-size warmup.elf  |tee "warmup.elf.size"
   text	   data	    bss	    dec	    hex	filename
   6332	    292	   3128	   9752	   2618	warmup.elf
'Finished building: warmup.elf.size'
' '
14:53:26 **** Incremental Build of configuration Debug for project warmup ****
make all 
make: Nothing to be done for `all'.
14:54:25 **** Auto Build of configuration Debug for project warmup ****
make all 
'Building file: ../src/helloworld.c'
'Invoking: MicroBlaze gcc compiler'
mb-gcc -Wall -O0 -g3 -c -fmessage-length=0 -MT"src/helloworld.o" -I../../warmup_bsp/microblaze_0/include -mlittle-endian -mcpu=v9.6 -mxl-soft-mul -Wl,--no-relax -MMD -MP -MF"src/helloworld.d" -MT"src/helloworld.o" -o "src/helloworld.o" "../src/helloworld.c"
'Finished building: ../src/helloworld.c'
' '
'Building target: warmup.elf'
'Invoking: MicroBlaze gcc linker'
mb-gcc -Wl,-T -Wl,../src/lscript.ld -L../../warmup_bsp/microblaze_0/lib -mlittle-endian -mcpu=v9.6 -mxl-soft-mul -Wl,--no-relax -o "warmup.elf"  ./src/helloworld.o ./src/platform.o   -Wl,--start-group,-lxil,-lgcc,-lc,--end-group
'Finished building target: warmup.elf'
' '
'Invoking: MicroBlaze Print Size'
mb-size warmup.elf  |tee "warmup.elf.size"
   text	   data	    bss	    dec	    hex	filename
   6332	    292	   3128	   9752	   2618	warmup.elf
'Finished building: warmup.elf.size'
' '
14:54:31 **** Incremental Build of configuration Debug for project warmup ****
make all 
make: Nothing to be done for `all'.
14:54:53 **** Incremental Build of configuration Debug for project warmup ****
make all 
make: Nothing to be done for `all'.
14:56:15 **** Auto Build of configuration Debug for project warmup ****
make all 
'Building file: ../src/helloworld.c'
'Invoking: MicroBlaze gcc compiler'
mb-gcc -Wall -O0 -g3 -c -fmessage-length=0 -MT"src/helloworld.o" -I../../warmup_bsp/microblaze_0/include -mlittle-endian -mcpu=v9.6 -mxl-soft-mul -Wl,--no-relax -MMD -MP -MF"src/helloworld.d" -MT"src/helloworld.o" -o "src/helloworld.o" "../src/helloworld.c"
'Finished building: ../src/helloworld.c'
' '
'Building target: warmup.elf'
'Invoking: MicroBlaze gcc linker'
mb-gcc -Wl,-T -Wl,../src/lscript.ld -L../../warmup_bsp/microblaze_0/lib -mlittle-endian -mcpu=v9.6 -mxl-soft-mul -Wl,--no-relax -o "warmup.elf"  ./src/helloworld.o ./src/platform.o   -Wl,--start-group,-lxil,-lgcc,-lc,--end-group
'Finished building target: warmup.elf'
' '
'Invoking: MicroBlaze Print Size'
mb-size warmup.elf  |tee "warmup.elf.size"
   text	   data	    bss	    dec	    hex	filename
   6384	    292	   3124	   9800	   2648	warmup.elf
'Finished building: warmup.elf.size'
' '
14:56:25 **** Incremental Build of configuration Debug for project warmup ****
make all 
make: Nothing to be done for `all'.
14:56:37 **** Incremental Build of configuration Debug for project warmup ****
make all 
make: Nothing to be done for `all'.
14:57:01 **** Auto Build of configuration Debug for project warmup ****
make all 
'Building file: ../src/helloworld.c'
'Invoking: MicroBlaze gcc compiler'
mb-gcc -Wall -O0 -g3 -c -fmessage-length=0 -MT"src/helloworld.o" -I../../warmup_bsp/microblaze_0/include -mlittle-endian -mcpu=v9.6 -mxl-soft-mul -Wl,--no-relax -MMD -MP -MF"src/helloworld.d" -MT"src/helloworld.o" -o "src/helloworld.o" "../src/helloworld.c"
'Finished building: ../src/helloworld.c'
' '
'Building target: warmup.elf'
'Invoking: MicroBlaze gcc linker'
mb-gcc -Wl,-T -Wl,../src/lscript.ld -L../../warmup_bsp/microblaze_0/lib -mlittle-endian -mcpu=v9.6 -mxl-soft-mul -Wl,--no-relax -o "warmup.elf"  ./src/helloworld.o ./src/platform.o   -Wl,--start-group,-lxil,-lgcc,-lc,--end-group
'Finished building target: warmup.elf'
' '
'Invoking: MicroBlaze Print Size'
mb-size warmup.elf  |tee "warmup.elf.size"
   text	   data	    bss	    dec	    hex	filename
   6384	    292	   3124	   9800	   2648	warmup.elf
'Finished building: warmup.elf.size'
' '
14:57:22 **** Incremental Build of configuration Debug for project warmup ****
make all 
make: Nothing to be done for `all'.
14:59:56 **** Auto Build of configuration Debug for project warmup ****
make all 
'Building file: ../src/helloworld.c'
'Invoking: MicroBlaze gcc compiler'
mb-gcc -Wall -O0 -g3 -c -fmessage-length=0 -MT"src/helloworld.o" -I../../warmup_bsp/microblaze_0/include -mlittle-endian -mcpu=v9.6 -mxl-soft-mul -Wl,--no-relax -MMD -MP -MF"src/helloworld.d" -MT"src/helloworld.o" -o "src/helloworld.o" "../src/helloworld.c"
'Finished building: ../src/helloworld.c'
' '
'Building target: warmup.elf'
'Invoking: MicroBlaze gcc linker'
mb-gcc -Wl,-T -Wl,../src/lscript.ld -L../../warmup_bsp/microblaze_0/lib -mlittle-endian -mcpu=v9.6 -mxl-soft-mul -Wl,--no-relax -o "warmup.elf"  ./src/helloworld.o ./src/platform.o   -Wl,--start-group,-lxil,-lgcc,-lc,--end-group
'Finished building target: warmup.elf'
' '
'Invoking: MicroBlaze Print Size'
mb-size warmup.elf  |tee "warmup.elf.size"
   text	   data	    bss	    dec	    hex	filename
   6412	    292	   3128	   9832	   2668	warmup.elf
'Finished building: warmup.elf.size'
' '
15:00:01 **** Incremental Build of configuration Debug for project warmup ****
make all 
make: Nothing to be done for `all'.
